../Drivers/STM32WBxx_HAL_Driver/Inc/stm32wbxx_ll_system.h:2221:26:LL_FLASH_GetUDN	4	static
../Drivers/STM32WBxx_HAL_Driver/Inc/stm32wbxx_ll_system.h:2233:26:LL_FLASH_GetDeviceID	4	static
../Drivers/STM32WBxx_HAL_Driver/Inc/stm32wbxx_ll_system.h:2245:26:LL_FLASH_GetSTCompanyID	4	static
../STM32_WPAN/App/app_ble.c:385:6:APP_BLE_Init	72	static
../STM32_WPAN/App/app_ble.c:537:28:SVCCTL_App_Notification	64	static
../STM32_WPAN/App/app_ble.c:770:22:APP_BLE_Get_Server_Connection_Status	4	static
../STM32_WPAN/App/app_ble.c:784:13:Ble_Tl_Init	16	static
../STM32_WPAN/App/app_ble.c:795:13:Ble_Hci_Gap_Gatt_Init	72	static
../STM32_WPAN/App/app_ble.c:985:13:Adv_Request	56	static
../STM32_WPAN/App/app_ble.c:1071:16:BleGetBdAddress	32	static
../STM32_WPAN/App/app_ble.c:1128:13:Adv_Cancel	16	static
../STM32_WPAN/App/app_ble.c:1160:13:Adv_Cancel_Req	8	static
../STM32_WPAN/App/app_ble.c:1172:13:Switch_OFF_GPIO	4	static
../STM32_WPAN/App/app_ble.c:1231:6:hci_notify_asynch_evt	16	static
../STM32_WPAN/App/app_ble.c:1237:6:hci_cmd_resp_release	16	static
../STM32_WPAN/App/app_ble.c:1243:6:hci_cmd_resp_wait	16	static
../STM32_WPAN/App/app_ble.c:1249:13:BLE_UserEvtRx	24	static
../STM32_WPAN/App/app_ble.c:1269:13:BLE_StatusNot	24	static
../STM32_WPAN/App/app_ble.c:1300:6:SVCCTL_ResumeUserEventFlow	8	static
