../Core/Src/hw_timerserver.c:107:17:ReadRtcSsrValue	0	static
../Core/Src/hw_timerserver.c:252:13:UnlinkTimer	20	static
../Core/Src/hw_timerserver.c:294:17:ReturnTimeElapsed	8	static
../Core/Src/hw_timerserver.c:395:13:RescheduleTimerList	24	static
../Core/Src/hw_timerserver.c:589:6:HW_TS_Init	16	static,ignoring_inline_asm
../Core/Src/hw_timerserver.c:675:22:HW_TS_Create	32	static,ignoring_inline_asm
../Core/Src/hw_timerserver.c:729:6:HW_TS_Stop	24	static,ignoring_inline_asm
../Core/Src/hw_timerserver.c:720:6:HW_TS_Delete	8	static
../Core/Src/hw_timerserver.c:801:6:HW_TS_Start	32	static,ignoring_inline_asm
../Core/Src/hw_timerserver.c:855:10:HW_TS_RTC_ReadLeftTicksToCount	16	static,ignoring_inline_asm
../Core/Src/hw_timerserver.c:888:13:HW_TS_RTC_Int_AppNot	0	static
../Core/Src/hw_timerserver.c:487:6:HW_TS_RTC_Wakeup_Handler	40	static,ignoring_inline_asm
