../Core/Src/stm32wbxx_it.c:83:6:NMI_Handler	0	static
../Core/Src/stm32wbxx_it.c:98:6:HardFault_Handler	0	static
../Core/Src/stm32wbxx_it.c:113:6:MemManage_Handler	0	static
../Core/Src/stm32wbxx_it.c:128:6:BusFault_Handler	0	static
../Core/Src/stm32wbxx_it.c:143:6:UsageFault_Handler	0	static
../Core/Src/stm32wbxx_it.c:158:6:SVC_Handler	0	static
../Core/Src/stm32wbxx_it.c:171:6:DebugMon_Handler	0	static
../Core/Src/stm32wbxx_it.c:184:6:PendSV_Handler	0	static
../Core/Src/stm32wbxx_it.c:197:6:SysTick_Handler	0	static
../Core/Src/stm32wbxx_it.c:218:6:RTC_WKUP_IRQHandler	0	static
../Core/Src/stm32wbxx_it.c:232:6:EXTI0_IRQHandler	0	static
../Core/Src/stm32wbxx_it.c:246:6:EXTI1_IRQHandler	0	static
../Core/Src/stm32wbxx_it.c:260:6:EXTI4_IRQHandler	0	static
../Core/Src/stm32wbxx_it.c:274:6:DMA1_Channel1_IRQHandler	0	static
../Core/Src/stm32wbxx_it.c:288:6:DMA1_Channel4_IRQHandler	0	static
../Core/Src/stm32wbxx_it.c:302:6:ADC1_IRQHandler	0	static
../Core/Src/stm32wbxx_it.c:316:6:COMP_IRQHandler	0	static
../Core/Src/stm32wbxx_it.c:330:6:TIM1_UP_TIM16_IRQHandler	16	static
../Core/Src/stm32wbxx_it.c:349:6:TIM1_TRG_COM_TIM17_IRQHandler	8	static
../Core/Src/stm32wbxx_it.c:363:6:TIM2_IRQHandler	0	static
../Core/Src/stm32wbxx_it.c:377:6:USART1_IRQHandler	0	static
../Core/Src/stm32wbxx_it.c:391:6:LPUART1_IRQHandler	0	static
../Core/Src/stm32wbxx_it.c:405:6:IPCC_C1_RX_IRQHandler	0	static
../Core/Src/stm32wbxx_it.c:419:6:IPCC_C1_TX_IRQHandler	0	static
../Core/Src/stm32wbxx_it.c:433:6:HSEM_IRQHandler	0	static
../Core/Src/stm32wbxx_it.c:447:6:DMA2_Channel4_IRQHandler	0	static
