../Drivers/STM32WBxx_HAL_Driver/Inc/stm32wbxx_ll_bus.h:539:22:LL_AHB2_GRP1_EnableClock	8	static
../Drivers/STM32WBxx_HAL_Driver/Inc/stm32wbxx_ll_bus.h:744:22:LL_AHB3_GRP1_EnableClock	8	static
../Drivers/STM32WBxx_HAL_Driver/Inc/stm32wbxx_ll_bus.h:1274:22:LL_APB2_GRP1_EnableClock	8	static
../Core/Src/stm32wbxx_hal_msp.c:69:6:HAL_MspInit	8	static
../Core/Src/stm32wbxx_hal_msp.c:96:6:HAL_ADC_MspInit	112	static
../Core/Src/stm32wbxx_hal_msp.c:148:6:HAL_ADC_MspDeInit	8	static
../Core/Src/stm32wbxx_hal_msp.c:178:6:HAL_COMP_MspInit	40	static
../Core/Src/stm32wbxx_hal_msp.c:227:6:HAL_COMP_MspDeInit	8	static
../Core/Src/stm32wbxx_hal_msp.c:259:6:HAL_IPCC_MspInit	8	static
../Core/Src/stm32wbxx_hal_msp.c:286:6:HAL_IPCC_MspDeInit	8	static
../Core/Src/stm32wbxx_hal_msp.c:312:6:HAL_UART_MspInit	136	static
../Core/Src/stm32wbxx_hal_msp.c:463:6:HAL_UART_MspDeInit	8	static
../Core/Src/stm32wbxx_hal_msp.c:521:6:HAL_RNG_MspInit	88	static
../Core/Src/stm32wbxx_hal_msp.c:554:6:HAL_RNG_MspDeInit	0	static
../Core/Src/stm32wbxx_hal_msp.c:576:6:HAL_RTC_MspInit	96	static
../Core/Src/stm32wbxx_hal_msp.c:613:6:HAL_RTC_MspDeInit	0	static
../Core/Src/stm32wbxx_hal_msp.c:639:6:HAL_TIM_Base_MspInit	16	static
../Core/Src/stm32wbxx_hal_msp.c:692:6:HAL_TIM_Base_MspDeInit	0	static
