../Drivers/STM32WBxx_HAL_Driver/Inc/stm32wbxx_ll_rcc.h:1666:22:LL_RCC_LSE_SetDriveCapability	16	static
../Drivers/STM32WBxx_HAL_Driver/Inc/stm32wbxx_ll_bus.h:364:22:LL_AHB1_GRP1_EnableClock	24	static
../Drivers/STM32WBxx_HAL_Driver/Inc/stm32wbxx_ll_bus.h:539:22:LL_AHB2_GRP1_EnableClock	24	static
../Core/Src/main.c:91:5:main	16	static
../Core/Src/main.c:190:6:SystemClock_Config	112	static
../Core/Src/main.c:242:6:PeriphCommonClock_Config	88	static
../Core/Src/main.c:267:13:MX_COMP2_Init	8	static
../Core/Src/main.c:301:13:MX_IPCC_Init	8	static
../Core/Src/main.c:327:6:MX_LPUART1_UART_Init	8	static
../Core/Src/main.c:375:6:MX_USART1_UART_Init	8	static
../Core/Src/main.c:424:13:MX_RF_Init	4	static
../Core/Src/main.c:445:13:MX_RNG_Init	8	static
../Core/Src/main.c:472:13:MX_RTC_Init	8	static
../Core/Src/main.c:515:13:MX_TIM2_Init	40	static
../Core/Src/main.c:568:13:MX_TIM17_Init	8	static
../Core/Src/main.c:598:13:MX_DMA_Init	8	static
../Core/Src/main.c:624:13:MX_GPIO_Init	32	static
../Core/Src/main.c:675:6:BeginNotification	8	static
../Core/Src/main.c:687:6:FinishNotification	8	static
../Core/Src/main.c:696:6:TimerIRQ	16	static
../Core/Src/main.c:707:5:TimerBPM	16	static
../Core/Src/main.c:751:19:SendUART	24	static
../Core/Src/main.c:761:5:__io_putchar	16	static
../Core/Src/main.c:769:6:Clear_LED	16	static
../Core/Src/main.c:797:6:Set_LED	16	static
../Core/Src/main.c:825:6:Toggle_LED	16	static
../Core/Src/main.c:854:6:gestionConsoSTM	8	static
../Core/Src/main.c:866:6:SEND_MES_BLESTATUS	16	static
../Core/Src/main.c:1015:6:Error_Handler	4	static,ignoring_inline_asm
