../Core/Src/stm32wbxx_it.c:79:6:NMI_Handler	4	static
../Core/Src/stm32wbxx_it.c:94:6:HardFault_Handler	4	static
../Core/Src/stm32wbxx_it.c:109:6:MemManage_Handler	4	static
../Core/Src/stm32wbxx_it.c:124:6:BusFault_Handler	4	static
../Core/Src/stm32wbxx_it.c:139:6:UsageFault_Handler	4	static
../Core/Src/stm32wbxx_it.c:154:6:SVC_Handler	4	static
../Core/Src/stm32wbxx_it.c:167:6:DebugMon_Handler	4	static
../Core/Src/stm32wbxx_it.c:180:6:PendSV_Handler	4	static
../Core/Src/stm32wbxx_it.c:193:6:SysTick_Handler	8	static
../Core/Src/stm32wbxx_it.c:214:6:RTC_WKUP_IRQHandler	8	static
../Core/Src/stm32wbxx_it.c:228:6:EXTI0_IRQHandler	8	static
../Core/Src/stm32wbxx_it.c:242:6:EXTI1_IRQHandler	8	static
../Core/Src/stm32wbxx_it.c:256:6:EXTI4_IRQHandler	8	static
../Core/Src/stm32wbxx_it.c:273:6:DMA1_Channel1_IRQHandler	8	static
../Core/Src/stm32wbxx_it.c:287:6:DMA1_Channel4_IRQHandler	8	static
../Core/Src/stm32wbxx_it.c:301:6:COMP_IRQHandler	8	static
../Core/Src/stm32wbxx_it.c:315:6:TIM1_TRG_COM_TIM17_IRQHandler	8	static
../Core/Src/stm32wbxx_it.c:329:6:TIM2_IRQHandler	8	static
../Core/Src/stm32wbxx_it.c:343:6:USART1_IRQHandler	8	static
../Core/Src/stm32wbxx_it.c:357:6:LPUART1_IRQHandler	8	static
../Core/Src/stm32wbxx_it.c:371:6:IPCC_C1_RX_IRQHandler	8	static
../Core/Src/stm32wbxx_it.c:385:6:IPCC_C1_TX_IRQHandler	8	static
../Core/Src/stm32wbxx_it.c:399:6:HSEM_IRQHandler	8	static
../Core/Src/stm32wbxx_it.c:413:6:DMA2_Channel4_IRQHandler	8	static
