../STM32_WPAN/App/app_ble.c:1173:13:Switch_OFF_GPIO	0	static
../STM32_WPAN/App/app_ble.c:1161:13:Adv_Cancel_Req	0	static
../STM32_WPAN/App/app_ble.c:1250:13:BLE_UserEvtRx	8	static
../STM32_WPAN/App/app_ble.c:1270:13:BLE_StatusNot	0	static
../STM32_WPAN/App/app_ble.c:1129:13:Adv_Cancel	8	static
../STM32_WPAN/App/app_ble.c:986:13:Adv_Request.constprop	48	static
../STM32_WPAN/App/app_ble.c:385:6:APP_BLE_Init	112	static
../STM32_WPAN/App/app_ble.c:537:28:SVCCTL_App_Notification	24	static
../STM32_WPAN/App/app_ble.c:771:22:APP_BLE_Get_Server_Connection_Status	0	static
../STM32_WPAN/App/app_ble.c:1232:6:hci_notify_asynch_evt	0	static
../STM32_WPAN/App/app_ble.c:1238:6:hci_cmd_resp_release	0	static
../STM32_WPAN/App/app_ble.c:1244:6:hci_cmd_resp_wait	0	static
../STM32_WPAN/App/app_ble.c:1301:6:SVCCTL_ResumeUserEventFlow	0	static
