../Drivers/STM32WBxx_HAL_Driver/Src/stm32wbxx_hal_rtc.c:697:13:HAL_RTC_MspInit	0	static
../Drivers/STM32WBxx_HAL_Driver/Src/stm32wbxx_hal_rtc.c:712:13:HAL_RTC_MspDeInit	0	static
../Drivers/STM32WBxx_HAL_Driver/Src/stm32wbxx_hal_rtc.c:1068:6:HAL_RTC_DST_Add1Hour	0	static
../Drivers/STM32WBxx_HAL_Driver/Src/stm32wbxx_hal_rtc.c:1082:6:HAL_RTC_DST_Sub1Hour	0	static
../Drivers/STM32WBxx_HAL_Driver/Src/stm32wbxx_hal_rtc.c:1096:6:HAL_RTC_DST_SetStoreOperation	0	static
../Drivers/STM32WBxx_HAL_Driver/Src/stm32wbxx_hal_rtc.c:1109:6:HAL_RTC_DST_ClearStoreOperation	0	static
../Drivers/STM32WBxx_HAL_Driver/Src/stm32wbxx_hal_rtc.c:1122:10:HAL_RTC_DST_ReadStoreOperation	0	static
../Drivers/STM32WBxx_HAL_Driver/Src/stm32wbxx_hal_rtc.c:1519:19:HAL_RTC_DeactivateAlarm	16	static
../Drivers/STM32WBxx_HAL_Driver/Src/stm32wbxx_hal_rtc.c:1722:13:HAL_RTC_AlarmAEventCallback	0	static
../Drivers/STM32WBxx_HAL_Driver/Src/stm32wbxx_hal_rtc.c:1673:6:HAL_RTC_AlarmIRQHandler	8	static
../Drivers/STM32WBxx_HAL_Driver/Src/stm32wbxx_hal_rtc.c:1738:19:HAL_RTC_PollForAlarmAEvent	16	static
../Drivers/STM32WBxx_HAL_Driver/Src/stm32wbxx_hal_rtc.c:1797:19:HAL_RTC_WaitForSynchro	16	static
../Drivers/STM32WBxx_HAL_Driver/Src/stm32wbxx_hal_rtc.c:1841:21:HAL_RTC_GetState	0	static
../Drivers/STM32WBxx_HAL_Driver/Src/stm32wbxx_hal_rtc.c:1864:19:RTC_EnterInitMode	16	static
../Drivers/STM32WBxx_HAL_Driver/Src/stm32wbxx_hal_rtc.c:230:19:HAL_RTC_Init	16	static
../Drivers/STM32WBxx_HAL_Driver/Src/stm32wbxx_hal_rtc.c:360:19:HAL_RTC_DeInit	16	static
../Drivers/STM32WBxx_HAL_Driver/Src/stm32wbxx_hal_rtc.c:1894:9:RTC_ByteToBcd2	0	static
../Drivers/STM32WBxx_HAL_Driver/Src/stm32wbxx_hal_rtc.c:750:19:HAL_RTC_SetTime	24	static
../Drivers/STM32WBxx_HAL_Driver/Src/stm32wbxx_hal_rtc.c:926:19:HAL_RTC_SetDate	24	static
../Drivers/STM32WBxx_HAL_Driver/Src/stm32wbxx_hal_rtc.c:1156:19:HAL_RTC_SetAlarm	40	static
../Drivers/STM32WBxx_HAL_Driver/Src/stm32wbxx_hal_rtc.c:1337:19:HAL_RTC_SetAlarm_IT	40	static
../Drivers/STM32WBxx_HAL_Driver/Src/stm32wbxx_hal_rtc.c:1913:9:RTC_Bcd2ToByte	0	static
../Drivers/STM32WBxx_HAL_Driver/Src/stm32wbxx_hal_rtc.c:882:19:HAL_RTC_GetTime	16	static
../Drivers/STM32WBxx_HAL_Driver/Src/stm32wbxx_hal_rtc.c:1035:19:HAL_RTC_GetDate	16	static
../Drivers/STM32WBxx_HAL_Driver/Src/stm32wbxx_hal_rtc.c:1613:19:HAL_RTC_GetAlarm	16	static
