../Drivers/STM32WBxx_HAL_Driver/Inc/stm32wbxx_ll_rcc.h:1325:26:LL_RCC_HSE_IsReady	0	static
../Drivers/STM32WBxx_HAL_Driver/Inc/stm32wbxx_ll_rcc.h:1487:26:LL_RCC_HSI_IsReady	0	static
../Drivers/STM32WBxx_HAL_Driver/Inc/stm32wbxx_ll_rcc.h:1760:26:LL_RCC_LSI1_IsReady	0	static
../Drivers/STM32WBxx_HAL_Driver/Inc/stm32wbxx_ll_rcc.h:1857:26:LL_RCC_MSI_IsReady	0	static
../Drivers/STM32WBxx_HAL_Driver/Inc/stm32wbxx_ll_rcc.h:1907:22:LL_RCC_MSI_SetRange	0	static
../Drivers/STM32WBxx_HAL_Driver/Inc/stm32wbxx_ll_rcc.h:1959:22:LL_RCC_MSI_SetCalibTrimming	0	static
../Drivers/STM32WBxx_HAL_Driver/Src/stm32wbxx_hal_rcc.c:1751:26:RCC_SetFlashLatencyFromMSIRange	56	static
../Drivers/STM32WBxx_HAL_Driver/Src/stm32wbxx_hal_rcc.c:265:19:HAL_RCC_DeInit	16	static
../Drivers/STM32WBxx_HAL_Driver/Src/stm32wbxx_hal_rcc.c:1317:6:HAL_RCC_MCOConfig	48	static
../Drivers/STM32WBxx_HAL_Driver/Src/stm32wbxx_hal_rcc.c:1405:10:HAL_RCC_GetSysClockFreq	0	static
../Drivers/STM32WBxx_HAL_Driver/Src/stm32wbxx_hal_rcc.c:1468:10:HAL_RCC_GetHCLKFreq	8	static
../Drivers/STM32WBxx_HAL_Driver/Src/stm32wbxx_hal_rcc.c:381:19:HAL_RCC_OscConfig	24	static
../Drivers/STM32WBxx_HAL_Driver/Src/stm32wbxx_hal_rcc.c:1056:19:HAL_RCC_ClockConfig	24	static
../Drivers/STM32WBxx_HAL_Driver/Src/stm32wbxx_hal_rcc.c:1478:10:HAL_RCC_GetHCLK2Freq	8	static
../Drivers/STM32WBxx_HAL_Driver/Src/stm32wbxx_hal_rcc.c:1488:10:HAL_RCC_GetHCLK4Freq	8	static
../Drivers/STM32WBxx_HAL_Driver/Src/stm32wbxx_hal_rcc.c:1500:10:HAL_RCC_GetPCLK1Freq	8	static
../Drivers/STM32WBxx_HAL_Driver/Src/stm32wbxx_hal_rcc.c:1512:10:HAL_RCC_GetPCLK2Freq	8	static
../Drivers/STM32WBxx_HAL_Driver/Src/stm32wbxx_hal_rcc.c:1525:6:HAL_RCC_GetOscConfig	0	static
../Drivers/STM32WBxx_HAL_Driver/Src/stm32wbxx_hal_rcc.c:1635:6:HAL_RCC_GetClockConfig	0	static
../Drivers/STM32WBxx_HAL_Driver/Src/stm32wbxx_hal_rcc.c:1677:6:HAL_RCC_EnableCSS	0	static
../Drivers/STM32WBxx_HAL_Driver/Src/stm32wbxx_hal_rcc.c:1704:13:HAL_RCC_CSSCallback	0	static
../Drivers/STM32WBxx_HAL_Driver/Src/stm32wbxx_hal_rcc.c:1687:6:HAL_RCC_NMI_IRQHandler	8	static
../Drivers/STM32WBxx_HAL_Driver/Src/stm32wbxx_hal_rcc.c:1718:10:HAL_RCC_GetResetSource	0	static
