Archive member included to satisfy reference by file (symbol)

c:/st/stm32cubeide_1.9.0/stm32cubeide/plugins/com.st.stm32cube.ide.mcu.externaltools.gnu-tools-for-stm32.10.3-2021.10.win32_1.0.0.202111181127/tools/bin/../lib/gcc/arm-none-eabi/10.3.1/../../../../arm-none-eabi/lib/thumb/v7e-m+fp/hard\libc_nano.a(lib_a-errno.o)
                              ./Core/Src/syscalls.o (__errno)
c:/st/stm32cubeide_1.9.0/stm32cubeide/plugins/com.st.stm32cube.ide.mcu.externaltools.gnu-tools-for-stm32.10.3-2021.10.win32_1.0.0.202111181127/tools/bin/../lib/gcc/arm-none-eabi/10.3.1/../../../../arm-none-eabi/lib/thumb/v7e-m+fp/hard\libc_nano.a(lib_a-exit.o)
                              c:/st/stm32cubeide_1.9.0/stm32cubeide/plugins/com.st.stm32cube.ide.mcu.externaltools.gnu-tools-for-stm32.10.3-2021.10.win32_1.0.0.202111181127/tools/bin/../lib/gcc/arm-none-eabi/10.3.1/../../../../arm-none-eabi/lib/thumb/v7e-m+fp/hard/crt0.o (exit)
c:/st/stm32cubeide_1.9.0/stm32cubeide/plugins/com.st.stm32cube.ide.mcu.externaltools.gnu-tools-for-stm32.10.3-2021.10.win32_1.0.0.202111181127/tools/bin/../lib/gcc/arm-none-eabi/10.3.1/../../../../arm-none-eabi/lib/thumb/v7e-m+fp/hard\libc_nano.a(lib_a-impure.o)
                              c:/st/stm32cubeide_1.9.0/stm32cubeide/plugins/com.st.stm32cube.ide.mcu.externaltools.gnu-tools-for-stm32.10.3-2021.10.win32_1.0.0.202111181127/tools/bin/../lib/gcc/arm-none-eabi/10.3.1/../../../../arm-none-eabi/lib/thumb/v7e-m+fp/hard\libc_nano.a(lib_a-exit.o) (_global_impure_ptr)
c:/st/stm32cubeide_1.9.0/stm32cubeide/plugins/com.st.stm32cube.ide.mcu.externaltools.gnu-tools-for-stm32.10.3-2021.10.win32_1.0.0.202111181127/tools/bin/../lib/gcc/arm-none-eabi/10.3.1/../../../../arm-none-eabi/lib/thumb/v7e-m+fp/hard\libc_nano.a(lib_a-init.o)
                              c:/st/stm32cubeide_1.9.0/stm32cubeide/plugins/com.st.stm32cube.ide.mcu.externaltools.gnu-tools-for-stm32.10.3-2021.10.win32_1.0.0.202111181127/tools/bin/../lib/gcc/arm-none-eabi/10.3.1/../../../../arm-none-eabi/lib/thumb/v7e-m+fp/hard/crt0.o (__libc_init_array)
c:/st/stm32cubeide_1.9.0/stm32cubeide/plugins/com.st.stm32cube.ide.mcu.externaltools.gnu-tools-for-stm32.10.3-2021.10.win32_1.0.0.202111181127/tools/bin/../lib/gcc/arm-none-eabi/10.3.1/../../../../arm-none-eabi/lib/thumb/v7e-m+fp/hard\libc_nano.a(lib_a-memcmp.o)
                              ./Middlewares/ST/STM32_WPAN/ble/core/template/osal.o (memcmp)
c:/st/stm32cubeide_1.9.0/stm32cubeide/plugins/com.st.stm32cube.ide.mcu.externaltools.gnu-tools-for-stm32.10.3-2021.10.win32_1.0.0.202111181127/tools/bin/../lib/gcc/arm-none-eabi/10.3.1/../../../../arm-none-eabi/lib/thumb/v7e-m+fp/hard\libc_nano.a(lib_a-memcpy-stub.o)
                              ./Middlewares/ST/STM32_WPAN/ble/core/template/osal.o (memcpy)
c:/st/stm32cubeide_1.9.0/stm32cubeide/plugins/com.st.stm32cube.ide.mcu.externaltools.gnu-tools-for-stm32.10.3-2021.10.win32_1.0.0.202111181127/tools/bin/../lib/gcc/arm-none-eabi/10.3.1/../../../../arm-none-eabi/lib/thumb/v7e-m+fp/hard\libc_nano.a(lib_a-memset.o)
                              c:/st/stm32cubeide_1.9.0/stm32cubeide/plugins/com.st.stm32cube.ide.mcu.externaltools.gnu-tools-for-stm32.10.3-2021.10.win32_1.0.0.202111181127/tools/bin/../lib/gcc/arm-none-eabi/10.3.1/../../../../arm-none-eabi/lib/thumb/v7e-m+fp/hard/crt0.o (memset)
c:/st/stm32cubeide_1.9.0/stm32cubeide/plugins/com.st.stm32cube.ide.mcu.externaltools.gnu-tools-for-stm32.10.3-2021.10.win32_1.0.0.202111181127/tools/bin/../lib/gcc/arm-none-eabi/10.3.1/../../../../arm-none-eabi/lib/thumb/v7e-m+fp/hard\libc_nano.a(lib_a-printf.o)
                              ./Core/Src/app_entry.o (printf)
c:/st/stm32cubeide_1.9.0/stm32cubeide/plugins/com.st.stm32cube.ide.mcu.externaltools.gnu-tools-for-stm32.10.3-2021.10.win32_1.0.0.202111181127/tools/bin/../lib/gcc/arm-none-eabi/10.3.1/../../../../arm-none-eabi/lib/thumb/v7e-m+fp/hard\libc_nano.a(lib_a-puts.o)
                              ./Core/Src/app_entry.o (puts)
c:/st/stm32cubeide_1.9.0/stm32cubeide/plugins/com.st.stm32cube.ide.mcu.externaltools.gnu-tools-for-stm32.10.3-2021.10.win32_1.0.0.202111181127/tools/bin/../lib/gcc/arm-none-eabi/10.3.1/../../../../arm-none-eabi/lib/thumb/v7e-m+fp/hard\libc_nano.a(lib_a-strrchr.o)
                              ./Middlewares/ST/STM32_WPAN/utilities/dbg_trace.o (strrchr)
c:/st/stm32cubeide_1.9.0/stm32cubeide/plugins/com.st.stm32cube.ide.mcu.externaltools.gnu-tools-for-stm32.10.3-2021.10.win32_1.0.0.202111181127/tools/bin/../lib/gcc/arm-none-eabi/10.3.1/../../../../arm-none-eabi/lib/thumb/v7e-m+fp/hard\libc_nano.a(lib_a-vprintf.o)
                              ./Middlewares/ST/STM32_WPAN/utilities/dbg_trace.o (vprintf)
c:/st/stm32cubeide_1.9.0/stm32cubeide/plugins/com.st.stm32cube.ide.mcu.externaltools.gnu-tools-for-stm32.10.3-2021.10.win32_1.0.0.202111181127/tools/bin/../lib/gcc/arm-none-eabi/10.3.1/../../../../arm-none-eabi/lib/thumb/v7e-m+fp/hard\libc_nano.a(lib_a-wbuf.o)
[...]
Memory Configuration

Name             Origin             Length             Attributes
FLASH            0x0000000008000000 0x0000000000080000 xr
RAM1             0x0000000020000004 0x000000000002fffc xrw
RAM_SHARED       0x0000000020030000 0x0000000000002800 xrw
*default*        0x0000000000000000 0xffffffffffffffff

Linker script and memory map

LOAD c:/st/stm32cubeide_1.9.0/stm32cubeide/plugins/com.st.stm32cube.ide.mcu.externaltools.gnu-tools-for-stm32.10.3-2021.10.win32_1.0.0.202111181127/tools/bin/../lib/gcc/arm-none-eabi/10.3.1/thumb/v7e-m+fp/hard/crti.o
LOAD c:/st/stm32cubeide_1.9.0/stm32cubeide/plugins/com.st.stm32cube.ide.mcu.externaltools.gnu-tools-for-stm32.10.3-2021.10.win32_1.0.0.202111181127/tools/bin/../lib/gcc/arm-none-eabi/10.3.1/thumb/v7e-m+fp/hard/crtbegin.o
LOAD c:/st/stm32cubeide_1.9.0/stm32cubeide/plugins/com.st.stm32cube.ide.mcu.externaltools.gnu-tools-for-stm32.10.3-2021.10.win32_1.0.0.202111181127/tools/bin/../lib/gcc/arm-none-eabi/10.3.1/../../../../arm-none-eabi/lib/thumb/v7e-m+fp/hard/crt0.o
LOAD ./Core/Src/app_debug.o
LOAD ./Core/Src/app_entry.o
LOAD ./Core/Src/heartBeatAnalyse.o
LOAD ./Core/Src/hw_timerserver.o
LOAD ./Core/Src/hw_uart.o
LOAD ./Core/Src/main.o
LOAD ./Core/Src/stm32_lpm_if.o
LOAD ./Core/Src/stm32wbxx_hal_msp.o
LOAD ./Core/Src/stm32wbxx_it.o
LOAD ./Core/Src/syscalls.o
LOAD ./Core/Src/sysmem.o
LOAD ./Core/Src/system_stm32wbxx.o
LOAD ./Core/Startup/startup_stm32wb55rgvx.o
LOAD ./Drivers/STM32WBxx_HAL_Driver/Src/stm32wbxx_hal.o
LOAD ./Drivers/STM32WBxx_HAL_Driver/Src/stm32wbxx_hal_adc.o
LOAD ./Drivers/STM32WBxx_HAL_Driver/Src/stm32wbxx_hal_adc_ex.o
LOAD ./Drivers/STM32WBxx_HAL_Driver/Src/stm32wbxx_hal_comp.o
LOAD ./Drivers/STM32WBxx_HAL_Driver/Src/stm32wbxx_hal_cortex.o
LOAD ./Drivers/STM32WBxx_HAL_Driver/Src/stm32wbxx_hal_dma.o
LOAD ./Drivers/STM32WBxx_HAL_Driver/Src/stm32wbxx_hal_dma_ex.o
LOAD ./Drivers/STM32WBxx_HAL_Driver/Src/stm32wbxx_hal_exti.o
LOAD ./Drivers/STM32WBxx_HAL_Driver/Src/stm32wbxx_hal_flash.o
LOAD ./Drivers/STM32WBxx_HAL_Driver/Src/stm32wbxx_hal_flash_ex.o
LOAD ./Drivers/STM32WBxx_HAL_Driver/Src/stm32wbxx_hal_gpio.o
LOAD ./Drivers/STM32WBxx_HAL_Driver/Src/stm32wbxx_hal_hsem.o
LOAD ./Drivers/STM32WBxx_HAL_Driver/Src/stm32wbxx_hal_ipcc.o
LOAD ./Drivers/STM32WBxx_HAL_Driver/Src/stm32wbxx_hal_pwr.o
LOAD ./Drivers/STM32WBxx_HAL_Driver/Src/stm32wbxx_hal_pwr_ex.o
LOAD ./Drivers/STM32WBxx_HAL_Driver/Src/stm32wbxx_hal_rcc.o
LOAD ./Drivers/STM32WBxx_HAL_Driver/Src/stm32wbxx_hal_rcc_ex.o
LOAD ./Drivers/STM32WBxx_HAL_Driver/Src/stm32wbxx_hal_rng.o
LOAD ./Drivers/STM32WBxx_HAL_Driver/Src/stm32wbxx_hal_rtc.o
LOAD ./Drivers/STM32WBxx_HAL_Driver/Src/stm32wbxx_hal_rtc_ex.o
LOAD ./Drivers/STM32WBxx_HAL_Driver/Src/stm32wbxx_hal_tim.o
LOAD ./Drivers/STM32WBxx_HAL_Driver/Src/stm32wbxx_hal_tim_ex.o
LOAD ./Drivers/STM32WBxx_HAL_Driver/Src/stm32wbxx_hal_uart.o
LOAD ./Drivers/STM32WBxx_HAL_Driver/Src/stm32wbxx_hal_uart_ex.o
LOAD ./Drivers/STM32WBxx_HAL_Driver/Src/stm32wbxx_ll_adc.o
LOAD ./Middlewares/ST/STM32_WPAN/ble/core/auto/ble_events.o
LOAD ./Middlewares/ST/STM32_WPAN/ble/core/auto/ble_gap_aci.o
LOAD ./Middlewares/ST/STM32_WPAN/ble/core/auto/ble_gatt_aci.o
LOAD ./Middlewares/ST/STM32_WPAN/ble/core/auto/ble_hal_aci.o
LOAD ./Middlewares/ST/STM32_WPAN/ble/core/auto/ble_hci_le.o
LOAD ./Middlewares/ST/STM32_WPAN/ble/core/auto/ble_l2cap_aci.o
LOAD ./Middlewares/ST/STM32_WPAN/ble/core/template/osal.o
LOAD ./Middlewares/ST/STM32_WPAN/ble/svc/Src/p2p_stm.o
LOAD ./Middlewares/ST/STM32_WPAN/ble/svc/Src/svc_ctl.o
LOAD ./Middlewares/ST/STM32_WPAN/interface/patterns/ble_thread/shci/shci.o
LOAD ./Middlewares/ST/STM32_WPAN/interface/patterns/ble_thread/tl/hci_tl.o
LOAD ./Middlewares/ST/STM32_WPAN/interface/patterns/ble_thread/tl/hci_tl_if.o
LOAD ./Middlewares/ST/STM32_WPAN/interface/patterns/ble_thread/tl/shci_tl.o
LOAD ./Middlewares/ST/STM32_WPAN/interface/patterns/ble_thread/tl/shci_tl_if.o
LOAD ./Middlewares/ST/STM32_WPAN/interface/patterns/ble_thread/tl/tl_mbox.o
LOAD ./Middlewares/ST/STM32_WPAN/utilities/dbg_trace.o
LOAD ./Middlewares/ST/STM32_WPAN/utilities/otp.o
LOAD ./Middlewares/ST/STM32_WPAN/utilities/stm_list.o
LOAD ./Middlewares/ST/STM32_WPAN/utilities/stm_queue.o
LOAD ./STM32_WPAN/App/app_ble.o
LOAD ./STM32_WPAN/App/custom_app.o
LOAD ./STM32_WPAN/App/custom_stm.o
LOAD ./STM32_WPAN/App/p2p_server_app.o
LOAD ./STM32_WPAN/Target/hw_ipcc.o
LOAD ./Utilities/lpm/tiny_lpm/stm32_lpm.o
LOAD ./Utilities/sequencer/stm32_seq.o
START GROUP
LOAD c:/st/stm32cubeide_1.9.0/stm32cubeide/plugins/com.st.stm32cube.ide.mcu.externaltools.gnu-tools-for-stm32.10.3-2021.10.win32_1.0.0.202111181127/tools/bin/../lib/gcc/arm-none-eabi/10.3.1/../../../../arm-none-eabi/lib/thumb/v7e-m+fp/hard\libc_nano.a
LOAD c:/st/stm32cubeide_1.9.0/stm32cubeide/plugins/com.st.stm32cube.ide.mcu.externaltools.gnu-tools-for-stm32.10.3-2021.10.win32_1.0.0.202111181127/tools/bin/../lib/gcc/arm-none-eabi/10.3.1/../../../../arm-none-eabi/lib/thumb/v7e-m+fp/hard\libm.a
END GROUP
START GROUP
LOAD c:/st/stm32cubeide_1.9.0/stm32cubeide/plugins/com.st.stm32cube.ide.mcu.externaltools.gnu-tools-for-stm32.10.3-2021.10.win32_1.0.0.202111181127/tools/bin/../lib/gcc/arm-none-eabi/10.3.1/thumb/v7e-m+fp/hard\libgcc.a
LOAD c:/st/stm32cubeide_1.9.0/stm32cubeide/plugins/com.st.stm32cube.ide.mcu.externaltools.gnu-tools-for-stm32.10.3-2021.10.win32_1.0.0.202111181127/tools/bin/../lib/gcc/arm-none-eabi/10.3.1/../../../../arm-none-eabi/lib/thumb/v7e-m+fp/hard\libc_nano.a
END GROUP
START GROUP
LOAD c:/st/stm32cubeide_1.9.0/stm32cubeide/plugins/com.st.stm32cube.ide.mcu.externaltools.gnu-tools-for-stm32.10.3-2021.10.win32_1.0.0.202111181127/tools/bin/../lib/gcc/arm-none-eabi/10.3.1/thumb/v7e-m+fp/hard\libgcc.a
LOAD c:/st/stm32cubeide_1.9.0/stm32cubeide/plugins/com.st.stm32cube.ide.mcu.externaltools.gnu-tools-for-stm32.10.3-2021.10.win32_1.0.0.202111181127/tools/bin/../lib/gcc/arm-none-eabi/10.3.1/../../../../arm-none-eabi/lib/thumb/v7e-m+fp/hard\libc_nano.a
LOAD c:/st/stm32cubeide_1.9.0/stm32cubeide/plugins/com.st.stm32cube.ide.mcu.externaltools.gnu-tools-for-stm32.10.3-2021.10.win32_1.0.0.202111181127/tools/bin/../lib/gcc/arm-none-eabi/10.3.1/../../../../arm-none-eabi/lib/thumb/v7e-m+fp/hard\libnosys.a
END GROUP
START GROUP
LOAD c:/st/stm32cubeide_1.9.0/stm32cubeide/plugins/com.st.stm32cube.ide.mcu.externaltools.gnu-tools-for-stm32.10.3-2021.10.win32_1.0.0.202111181127/tools/bin/../lib/gcc/arm-none-eabi/10.3.1/thumb/v7e-m+fp/hard\libgcc.a
LOAD c:/st/stm32cubeide_1.9.0/stm32cubeide/plugins/com.st.stm32cube.ide.mcu.externaltools.gnu-tools-for-stm32.10.3-2021.10.win32_1.0.0.202111181127/tools/bin/../lib/gcc/arm-none-eabi/10.3.1/../../../../arm-none-eabi/lib/thumb/v7e-m+fp/hard\libc_nano.a
LOAD c:/st/stm32cubeide_1.9.0/stm32cubeide/plugins/com.st.stm32cube.ide.mcu.externaltools.gnu-tools-for-stm32.10.3-2021.10.win32_1.0.0.202111181127/tools/bin/../lib/gcc/arm-none-eabi/10.3.1/../../../../arm-none-eabi/lib/thumb/v7e-m+fp/hard\libnosys.a
END GROUP
LOAD c:/st/stm32cubeide_1.9.0/stm32cubeide/plugins/com.st.stm32cube.ide.mcu.externaltools.gnu-tools-for-stm32.10.3-2021.10.win32_1.0.0.202111181127/tools/bin/../lib/gcc/arm-none-eabi/10.3.1/thumb/v7e-m+fp/hard/crtend.o
LOAD c:/st/stm32cubeide_1.9.0/stm32cubeide/plugins/com.st.stm32cube.ide.mcu.externaltools.gnu-tools-for-stm32.10.3-2021.10.win32_1.0.0.202111181127/tools/bin/../lib/gcc/arm-none-eabi/10.3.1/thumb/v7e-m+fp/hard/crtn.o
                0x0000000020030000                _estack = (ORIGIN (RAM1) + LENGTH (RAM1))
                0x0000000000000400                _Min_Heap_Size = 0x400
                0x0000000000001000                _Min_Stack_Size = 0x1000

.isr_vector     0x0000000008000000      0x13c
                0x0000000008000000                . = ALIGN (0x4)
 *(.isr_vector)
 .isr_vector    0x0000000008000000      0x13c ./Core/Startup/startup_stm32wb55rgvx.o
                0x0000000008000000                g_pfnVectors
                0x000000000800013c                . = ALIGN (0x4)

.text           0x0000000008000140     0x9894
                0x0000000008000140                . = ALIGN (0x4)
 *(.text)
 .text          0x0000000008000140       0x40 c:/st/stm32cubeide_1.9.0/stm32cubeide/plugins/com.st.stm32cube.ide.mcu.externaltools.gnu-tools-for-stm32.10.3-2021.10.win32_1.0.0.202111181127/tools/bin/../lib/gcc/arm-none-eabi/10.3.1/thumb/v7e-m+fp/hard/crtbegin.o
 .text          0x0000000008000180       0xa0 c:/st/stm32cubeide_1.9.0/stm32cubeide/plugins/com.st.stm32cube.ide.mcu.externaltools.gnu-tools-for-stm32.10.3-2021.10.win32_1.0.0.202111181127/tools/bin/../lib/gcc/arm-none-eabi/10.3.1/../../../../arm-none-eabi/lib/thumb/v7e-m+fp/hard\libc_nano.a(lib_a-memchr.o)
                0x0000000008000180                memchr
 .text          0x0000000008000220       0x30 c:/st/stm32cubeide_1.9.0/stm32cubeide/plugins/com.st.stm32cube.ide.mcu.externaltools.gnu-tools-for-stm32.10.3-2021.10.win32_1.0.0.202111181127/tools/bin/../lib/gcc/arm-none-eabi/10.3.1/thumb/v7e-m+fp/hard\libgcc.a(_aeabi_uldivmod.o)
                0x0000000008000220                __aeabi_uldivmod
 .text          0x0000000008000250      0x2d0 c:/st/stm32cubeide_1.9.0/stm32cubeide/plugins/com.st.stm32cube.ide.mcu.externaltools.gnu-tools-for-stm32.10.3-2021.10.win32_1.0.0.202111181127/tools/bin/../lib/gcc/arm-none-eabi/10.3.1/thumb/v7e-m+fp/hard\libgcc.a(_udivmoddi4.o)
                0x0000000008000250                __udivmoddi4
 .text          0x0000000008000520        0x4 c:/st/stm32cubeide_1.9.0/stm32cubeide/plugins/com.st.stm32cube.ide.mcu.externaltools.gnu-tools-for-stm32.10.3-2021.10.win32_1.0.0.202111181127/tools/bin/../lib/gcc/arm-none-eabi/10.3.1/thumb/v7e-m+fp/hard\libgcc.a(_dvmd_tls.o)
                0x0000000008000520                __aeabi_idiv0
                0x0000000008000520                __aeabi_ldiv0
 *(.text*)
 .text.APPD_EnableCPU2
                0x0000000008000524       0x38 ./Core/Src/app_debug.o
                0x0000000008000524                APPD_EnableCPU2
 .text.DbgOutputTraces
                0x000000000800055c        0xc ./Core/Src/app_debug.o
                0x000000000800055c                DbgOutputTraces
 .text.APPE_SysStatusNot
                0x0000000008000568        0x2 ./Core/Src/app_entry.o
 *fill*         0x000000000800056a        0x2 
 .text.APPE_SysUserEvtRx
                0x000000000800056c      0x29c ./Core/Src/app_entry.o
 .text.MX_APPE_Config
                0x0000000008000808       0xac ./Core/Src/app_entry.o
                0x0000000008000808                MX_APPE_Config
 .text.Init_Exti
                0x00000000080008b4       0x10 ./Core/Src/app_entry.o
                0x00000000080008b4                Init_Exti
 .text.MX_APPE_Init
                0x00000000080008c4       0xa8 ./Core/Src/app_entry.o
                0x00000000080008c4                MX_APPE_Init
 .text.MX_APPE_Process
                0x000000000800096c        0x8 ./Core/Src/app_entry.o
                0x000000000800096c                MX_APPE_Process
 .text.UTIL_SEQ_Idle
                0x0000000008000974        0x2 ./Core/Src/app_entry.o
                0x0000000008000974                UTIL_SEQ_Idle
 .text.UTIL_SEQ_EvtIdle
                0x0000000008000976        0x8 ./Core/Src/app_entry.o
                0x0000000008000976                UTIL_SEQ_EvtIdle
 .text.shci_notify_asynch_evt
                0x000000000800097e        0x8 ./Core/Src/app_entry.o
                0x000000000800097e                shci_notify_asynch_evt
 .text.shci_cmd_resp_release
                0x0000000008000986        0x6 ./Core/Src/app_entry.o
                0x0000000008000986                shci_cmd_resp_release
 .text.shci_cmd_resp_wait
                0x000000000800098c        0x6 ./Core/Src/app_entry.o
                0x000000000800098c                shci_cmd_resp_wait
 *fill*         0x0000000008000992        0x2 
 .text.compteurBpm
                0x0000000008000994       0x3c ./Core/Src/heartBeatAnalyse.o
                0x0000000008000994                compteurBpm
 .text.ReadRtcSsrValue
                0x00000000080009d0       0x1c ./Core/Src/hw_timerserver.o
 .text.UnlinkTimer
                0x00000000080009ec       0x6c ./Core/Src/hw_timerserver.o
 .text.ReturnTimeElapsed
                0x0000000008000a58       0x50 ./Core/Src/hw_timerserver.o
 .text.RescheduleTimerList
                0x0000000008000aa8      0x114 ./Core/Src/hw_timerserver.o
 .text.HW_TS_Init
                0x0000000008000bbc      0x128 ./Core/Src/hw_timerserver.o
                0x0000000008000bbc                HW_TS_Init
 .text.HW_TS_Create
                0x0000000008000ce4       0x54 ./Core/Src/hw_timerserver.o
                0x0000000008000ce4                HW_TS_Create
 .text.HW_TS_Stop
                0x0000000008000d38       0xb0 ./Core/Src/hw_timerserver.o
                0x0000000008000d38                HW_TS_Stop
 .text.HW_TS_Start
                0x0000000008000de8      0x138 ./Core/Src/hw_timerserver.o
                0x0000000008000de8                HW_TS_Start
 .text.HW_TS_RTC_Int_AppNot
                0x0000000008000f20        0x2 ./Core/Src/hw_timerserver.o
                0x0000000008000f20                HW_TS_RTC_Int_AppNot
 *fill*         0x0000000008000f22        0x2 
 .text.HW_TS_RTC_Wakeup_Handler
                0x0000000008000f24       0xc0 ./Core/Src/hw_timerserver.o
                0x0000000008000f24                HW_TS_RTC_Wakeup_Handler
 .text.HW_UART_Transmit_DMA
                0x0000000008000fe4       0x48 ./Core/Src/hw_uart.o
                0x0000000008000fe4                HW_UART_Transmit_DMA
 .text.HAL_UART_TxCpltCallback
                0x000000000800102c       0x2c ./Core/Src/hw_uart.o
                0x000000000800102c                HAL_UART_TxCpltCallback
 .text.LL_AHB1_GRP1_EnableClock
                0x0000000008001058       0x18 ./Core/Src/main.o
 .text.LL_AHB2_GRP1_EnableClock
                0x0000000008001070       0x18 ./Core/Src/main.o
 .text.SystemClock_Config
                0x0000000008001088       0xac ./Core/Src/main.o
                0x0000000008001088                SystemClock_Config
 .text.PeriphCommonClock_Config
                0x0000000008001134       0x34 ./Core/Src/main.o
                0x0000000008001134                PeriphCommonClock_Config
 .text.MX_USART1_UART_Init
                0x0000000008001168       0x68 ./Core/Src/main.o
                0x0000000008001168                MX_USART1_UART_Init
 .text.BeginNotification
                0x00000000080011d0       0x34 ./Core/Src/main.o
                0x00000000080011d0                BeginNotification
 .text.FinishNotification
                0x0000000008001204       0x28 ./Core/Src/main.o
                0x0000000008001204                FinishNotification
 .text.SendUART
                0x000000000800122c       0x14 ./Core/Src/main.o
                0x000000000800122c                SendUART
 .text.Clear_LED
                0x0000000008001240       0x4c ./Core/Src/main.o
                0x0000000008001240                Clear_LED
 .text.Set_LED  0x000000000800128c       0x4c ./Core/Src/main.o
                0x000000000800128c                Set_LED
 .text.startup.main
                0x00000000080012d8      0x388 ./Core/Src/main.o
                0x00000000080012d8                main
 .text.Toggle_LED
                0x0000000008001660       0x40 ./Core/Src/main.o
                0x0000000008001660                Toggle_LED
 .text.TimerIRQ
                0x00000000080016a0       0x34 ./Core/Src/main.o
                0x00000000080016a0                TimerIRQ
 .text.SEND_MES_BLESTATUS
                0x00000000080016d4      0x4f8 ./Core/Src/main.o
                0x00000000080016d4                SEND_MES_BLESTATUS
 .text.Error_Handler
                0x0000000008001bcc        0x4 ./Core/Src/main.o
                0x0000000008001bcc                Error_Handler
 .text.LL_AHB2_GRP1_EnableClock
                0x0000000008001bd0       0x18 ./Core/Src/stm32wbxx_hal_msp.o
 .text.LL_AHB3_GRP1_EnableClock
                0x0000000008001be8       0x18 ./Core/Src/stm32wbxx_hal_msp.o
 .text.LL_APB2_GRP1_EnableClock
                0x0000000008001c00       0x18 ./Core/Src/stm32wbxx_hal_msp.o
 .text.HAL_MspInit
                0x0000000008001c18       0x1e ./Core/Src/stm32wbxx_hal_msp.o
                0x0000000008001c18                HAL_MspInit
 *fill*         0x0000000008001c36        0x2 
 .text.HAL_ADC_MspInit
                0x0000000008001c38       0x90 ./Core/Src/stm32wbxx_hal_msp.o
                0x0000000008001c38                HAL_ADC_MspInit
 .text.HAL_COMP_MspInit
                0x0000000008001cc8       0x80 ./Core/Src/stm32wbxx_hal_msp.o
                0x0000000008001cc8                HAL_COMP_MspInit
 .text.HAL_IPCC_MspInit
                0x0000000008001d48       0x3c ./Core/Src/stm32wbxx_hal_msp.o
                0x0000000008001d48                HAL_IPCC_MspInit
 .text.HAL_UART_MspInit
                0x0000000008001d84      0x1a0 ./Core/Src/stm32wbxx_hal_msp.o
                0x0000000008001d84                HAL_UART_MspInit
 .text.HAL_RNG_MspInit
                0x0000000008001f24       0x40 ./Core/Src/stm32wbxx_hal_msp.o
                0x0000000008001f24                HAL_RNG_MspInit
 .text.HAL_RTC_MspInit
                0x0000000008001f64       0x6c ./Core/Src/stm32wbxx_hal_msp.o
                0x0000000008001f64                HAL_RTC_MspInit
 .text.HAL_TIM_Base_MspInit
                0x0000000008001fd0       0x7c ./Core/Src/stm32wbxx_hal_msp.o
                0x0000000008001fd0                HAL_TIM_Base_MspInit
 .text.NMI_Handler
                0x000000000800204c        0x2 ./Core/Src/stm32wbxx_it.o
                0x000000000800204c                NMI_Handler
 .text.HardFault_Handler
                0x000000000800204e        0x2 ./Core/Src/stm32wbxx_it.o
                0x000000000800204e                HardFault_Handler
 .text.MemManage_Handler
                0x0000000008002050        0x2 ./Core/Src/stm32wbxx_it.o
                0x0000000008002050                MemManage_Handler
 .text.BusFault_Handler
                0x0000000008002052        0x2 ./Core/Src/stm32wbxx_it.o
                0x0000000008002052                BusFault_Handler
 .text.UsageFault_Handler
                0x0000000008002054        0x2 ./Core/Src/stm32wbxx_it.o
                0x0000000008002054                UsageFault_Handler
 .text.SVC_Handler
                0x0000000008002056        0x2 ./Core/Src/stm32wbxx_it.o
                0x0000000008002056                SVC_Handler
 .text.DebugMon_Handler
                0x0000000008002058        0x2 ./Core/Src/stm32wbxx_it.o
                0x0000000008002058                DebugMon_Handler
 .text.PendSV_Handler
                0x000000000800205a        0x2 ./Core/Src/stm32wbxx_it.o
                0x000000000800205a                PendSV_Handler
 .text.SysTick_Handler
                0x000000000800205c        0x4 ./Core/Src/stm32wbxx_it.o
                0x000000000800205c                SysTick_Handler
 .text.RTC_WKUP_IRQHandler
                0x0000000008002060        0x4 ./Core/Src/stm32wbxx_it.o
                0x0000000008002060                RTC_WKUP_IRQHandler
 .text.EXTI0_IRQHandler
                0x0000000008002064        0x6 ./Core/Src/stm32wbxx_it.o
                0x0000000008002064                EXTI0_IRQHandler
 .text.EXTI1_IRQHandler
                0x000000000800206a        0x6 ./Core/Src/stm32wbxx_it.o
                0x000000000800206a                EXTI1_IRQHandler
 .text.EXTI4_IRQHandler
                0x0000000008002070        0x6 ./Core/Src/stm32wbxx_it.o
                0x0000000008002070                EXTI4_IRQHandler
 *fill*         0x0000000008002076        0x2 
 .text.DMA1_Channel1_IRQHandler
                0x0000000008002078        0xc ./Core/Src/stm32wbxx_it.o
                0x0000000008002078                DMA1_Channel1_IRQHandler
 .text.DMA1_Channel4_IRQHandler
                0x0000000008002084        0xc ./Core/Src/stm32wbxx_it.o
                0x0000000008002084                DMA1_Channel4_IRQHandler
 .text.ADC1_IRQHandler
                0x0000000008002090        0xc ./Core/Src/stm32wbxx_it.o
                0x0000000008002090                ADC1_IRQHandler
 .text.COMP_IRQHandler
                0x000000000800209c        0xc ./Core/Src/stm32wbxx_it.o
                0x000000000800209c                COMP_IRQHandler
 .text.TIM1_UP_TIM16_IRQHandler
                0x00000000080020a8       0x38 ./Core/Src/stm32wbxx_it.o
                0x00000000080020a8                TIM1_UP_TIM16_IRQHandler
 .text.TIM1_TRG_COM_TIM17_IRQHandler
                0x00000000080020e0       0x14 ./Core/Src/stm32wbxx_it.o
                0x00000000080020e0                TIM1_TRG_COM_TIM17_IRQHandler
 .text.TIM2_IRQHandler
                0x00000000080020f4        0xc ./Core/Src/stm32wbxx_it.o
                0x00000000080020f4                TIM2_IRQHandler
 .text.USART1_IRQHandler
                0x0000000008002100        0xc ./Core/Src/stm32wbxx_it.o
                0x0000000008002100                USART1_IRQHandler
 .text.LPUART1_IRQHandler
                0x000000000800210c        0xc ./Core/Src/stm32wbxx_it.o
                0x000000000800210c                LPUART1_IRQHandler
 .text.IPCC_C1_RX_IRQHandler
                0x0000000008002118        0x4 ./Core/Src/stm32wbxx_it.o
                0x0000000008002118                IPCC_C1_RX_IRQHandler
 .text.IPCC_C1_TX_IRQHandler
                0x000000000800211c        0x4 ./Core/Src/stm32wbxx_it.o
                0x000000000800211c                IPCC_C1_TX_IRQHandler
 .text.HSEM_IRQHandler
                0x0000000008002120        0x4 ./Core/Src/stm32wbxx_it.o
                0x0000000008002120                HSEM_IRQHandler
 .text.DMA2_Channel4_IRQHandler
                0x0000000008002124        0xc ./Core/Src/stm32wbxx_it.o
                0x0000000008002124                DMA2_Channel4_IRQHandler
 .text._read    0x0000000008002130       0x1c ./Core/Src/syscalls.o
                0x0000000008002130                _read
 .text._close   0x000000000800214c        0x6 ./Core/Src/syscalls.o
                0x000000000800214c                _close
 .text._fstat   0x0000000008002152        0xa ./Core/Src/syscalls.o
                0x0000000008002152                _fstat
 .text._isatty  0x000000000800215c        0x4 ./Core/Src/syscalls.o
                0x000000000800215c                _isatty
 .text._lseek   0x0000000008002160        0x4 ./Core/Src/syscalls.o
                0x0000000008002160                _lseek
 .text._sbrk    0x0000000008002164       0x40 ./Core/Src/sysmem.o
                0x0000000008002164                _sbrk
 .text.SystemInit
                0x00000000080021a4       0x64 ./Core/Src/system_stm32wbxx.o
                0x00000000080021a4                SystemInit
 .text.data_initializers
                0x0000000008002208       0x18 ./Core/Startup/startup_stm32wb55rgvx.o
 .text.Reset_Handler
                0x0000000008002220       0x54 ./Core/Startup/startup_stm32wb55rgvx.o
                0x0000000008002220                Reset_Handler
 .text.Default_Handler
                0x0000000008002274        0x2 ./Core/Startup/startup_stm32wb55rgvx.o
                0x0000000008002274                RTC_Alarm_IRQHandler
                0x0000000008002274                EXTI2_IRQHandler
                0x0000000008002274                TIM1_CC_IRQHandler
                0x0000000008002274                TSC_IRQHandler
                0x0000000008002274                USB_HP_IRQHandler
                0x0000000008002274                EXTI3_IRQHandler
                0x0000000008002274                LPTIM2_IRQHandler
                0x0000000008002274                I2C3_ER_IRQHandler
                0x0000000008002274                FPU_IRQHandler
                0x0000000008002274                AES1_IRQHandler
                0x0000000008002274                SPI1_IRQHandler
                0x0000000008002274                PWR_SOTF_BLEACT_802ACT_RFPHASE_IRQHandler
                0x0000000008002274                DMA2_Channel2_IRQHandler
                0x0000000008002274                PKA_IRQHandler
                0x0000000008002274                DMA1_Channel7_IRQHandler
                0x0000000008002274                LCD_IRQHandler
                0x0000000008002274                DMA2_Channel1_IRQHandler
                0x0000000008002274                QUADSPI_IRQHandler
                0x0000000008002274                I2C1_EV_IRQHandler
                0x0000000008002274                DMAMUX1_OVR_IRQHandler
                0x0000000008002274                DMA1_Channel6_IRQHandler
                0x0000000008002274                RCC_IRQHandler
                0x0000000008002274                Default_Handler
                0x0000000008002274                DMA2_Channel7_IRQHandler
                0x0000000008002274                EXTI15_10_IRQHandler
                0x0000000008002274                C2SEV_PWR_C2H_IRQHandler
                0x0000000008002274                AES2_IRQHandler
                0x0000000008002274                I2C3_EV_IRQHandler
                0x0000000008002274                EXTI9_5_IRQHandler
                0x0000000008002274                PVD_PVM_IRQHandler
                0x0000000008002274                SPI2_IRQHandler
                0x0000000008002274                DMA2_Channel5_IRQHandler
                0x0000000008002274                CRS_IRQHandler
                0x0000000008002274                DMA1_Channel5_IRQHandler
                0x0000000008002274                USB_LP_IRQHandler
                0x0000000008002274                RNG_IRQHandler
                0x0000000008002274                TAMP_STAMP_LSECSS_IRQHandler
                0x0000000008002274                DMA1_Channel3_IRQHandler
                0x0000000008002274                WWDG_IRQHandler
                0x0000000008002274                DMA2_Channel6_IRQHandler
                0x0000000008002274                TIM1_BRK_IRQHandler
                0x0000000008002274                DMA1_Channel2_IRQHandler
                0x0000000008002274                FLASH_IRQHandler
                0x0000000008002274                I2C1_ER_IRQHandler
                0x0000000008002274                LPTIM1_IRQHandler
                0x0000000008002274                SAI1_IRQHandler
                0x0000000008002274                DMA2_Channel3_IRQHandler
 *fill*         0x0000000008002276        0x2 
 .text.HAL_InitTick
                0x0000000008002278       0x4c ./Drivers/STM32WBxx_HAL_Driver/Src/stm32wbxx_hal.o
                0x0000000008002278                HAL_InitTick
 .text.HAL_Init
                0x00000000080022c4       0x2c ./Drivers/STM32WBxx_HAL_Driver/Src/stm32wbxx_hal.o
                0x00000000080022c4                HAL_Init
 .text.HAL_IncTick
                0x00000000080022f0       0x18 ./Drivers/STM32WBxx_HAL_Driver/Src/stm32wbxx_hal.o
                0x00000000080022f0                HAL_IncTick
 .text.HAL_GetTick
                0x0000000008002308        0xc ./Drivers/STM32WBxx_HAL_Driver/Src/stm32wbxx_hal.o
                0x0000000008002308                HAL_GetTick
 .text.HAL_GetTickPrio
                0x0000000008002314        0xc ./Drivers/STM32WBxx_HAL_Driver/Src/stm32wbxx_hal.o
                0x0000000008002314                HAL_GetTickPrio
 .text.LL_ADC_SetChannelSamplingTime
                0x0000000008002320       0x22 ./Drivers/STM32WBxx_HAL_Driver/Src/stm32wbxx_hal_adc.o
 .text.LL_ADC_REG_IsConversionOngoing
                0x0000000008002342        0x8 ./Drivers/STM32WBxx_HAL_Driver/Src/stm32wbxx_hal_adc.o
 *fill*         0x000000000800234a        0x2 
 .text.HAL_ADC_Init
                0x000000000800234c      0x1a4 ./Drivers/STM32WBxx_HAL_Driver/Src/stm32wbxx_hal_adc.o
                0x000000000800234c                HAL_ADC_Init
 .text.HAL_ADC_ConvCpltCallback
                0x00000000080024f0        0x2 ./Drivers/STM32WBxx_HAL_Driver/Src/stm32wbxx_hal_adc.o
                0x00000000080024f0                HAL_ADC_ConvCpltCallback
 .text.HAL_ADC_LevelOutOfWindowCallback
                0x00000000080024f2        0x2 ./Drivers/STM32WBxx_HAL_Driver/Src/stm32wbxx_hal_adc.o
                0x00000000080024f2                HAL_ADC_LevelOutOfWindowCallback
 .text.HAL_ADC_ErrorCallback
                0x00000000080024f4        0x2 ./Drivers/STM32WBxx_HAL_Driver/Src/stm32wbxx_hal_adc.o
                0x00000000080024f4                HAL_ADC_ErrorCallback
 .text.HAL_ADC_IRQHandler
                0x00000000080024f6      0x1e8 ./Drivers/STM32WBxx_HAL_Driver/Src/stm32wbxx_hal_adc.o
                0x00000000080024f6                HAL_ADC_IRQHandler
 *fill*         0x00000000080026de        0x2 
 .text.HAL_ADC_ConfigChannel
                0x00000000080026e0      0x34c ./Drivers/STM32WBxx_HAL_Driver/Src/stm32wbxx_hal_adc.o
                0x00000000080026e0                HAL_ADC_ConfigChannel
 .text.HAL_ADCEx_InjectedConvCpltCallback
                0x0000000008002a2c        0x2 ./Drivers/STM32WBxx_HAL_Driver/Src/stm32wbxx_hal_adc_ex.o
                0x0000000008002a2c                HAL_ADCEx_InjectedConvCpltCallback
 .text.HAL_ADCEx_InjectedQueueOverflowCallback
                0x0000000008002a2e        0x2 ./Drivers/STM32WBxx_HAL_Driver/Src/stm32wbxx_hal_adc_ex.o
                0x0000000008002a2e                HAL_ADCEx_InjectedQueueOverflowCallback
 .text.HAL_ADCEx_LevelOutOfWindow2Callback
                0x0000000008002a30        0x2 ./Drivers/STM32WBxx_HAL_Driver/Src/stm32wbxx_hal_adc_ex.o
                0x0000000008002a30                HAL_ADCEx_LevelOutOfWindow2Callback
 .text.HAL_ADCEx_LevelOutOfWindow3Callback
                0x0000000008002a32        0x2 ./Drivers/STM32WBxx_HAL_Driver/Src/stm32wbxx_hal_adc_ex.o
                0x0000000008002a32                HAL_ADCEx_LevelOutOfWindow3Callback
 .text.HAL_ADCEx_EndOfSamplingCallback
                0x0000000008002a34        0x2 ./Drivers/STM32WBxx_HAL_Driver/Src/stm32wbxx_hal_adc_ex.o
                0x0000000008002a34                HAL_ADCEx_EndOfSamplingCallback
 *fill*         0x0000000008002a36        0x2 
 .text.HAL_COMP_Init
                0x0000000008002a38      0x134 ./Drivers/STM32WBxx_HAL_Driver/Src/stm32wbxx_hal_comp.o
                0x0000000008002a38                HAL_COMP_Init
 .text.HAL_COMP_Start
                0x0000000008002b6c       0x50 ./Drivers/STM32WBxx_HAL_Driver/Src/stm32wbxx_hal_comp.o
                0x0000000008002b6c                HAL_COMP_Start
 .text.HAL_COMP_TriggerCallback
                0x0000000008002bbc        0x2 ./Drivers/STM32WBxx_HAL_Driver/Src/stm32wbxx_hal_comp.o
                0x0000000008002bbc                HAL_COMP_TriggerCallback
 *fill*         0x0000000008002bbe        0x2 
 .text.HAL_COMP_IRQHandler
                0x0000000008002bc0       0x40 ./Drivers/STM32WBxx_HAL_Driver/Src/stm32wbxx_hal_comp.o
                0x0000000008002bc0                HAL_COMP_IRQHandler
 .text.HAL_NVIC_SetPriorityGrouping
                0x0000000008002c00       0x24 ./Drivers/STM32WBxx_HAL_Driver/Src/stm32wbxx_hal_cortex.o
                0x0000000008002c00                HAL_NVIC_SetPriorityGrouping
 .text.HAL_NVIC_SetPriority
                0x0000000008002c24       0x64 ./Drivers/STM32WBxx_HAL_Driver/Src/stm32wbxx_hal_cortex.o
                0x0000000008002c24                HAL_NVIC_SetPriority
 .text.HAL_NVIC_EnableIRQ
                0x0000000008002c88       0x1c ./Drivers/STM32WBxx_HAL_Driver/Src/stm32wbxx_hal_cortex.o
                0x0000000008002c88                HAL_NVIC_EnableIRQ
 .text.HAL_NVIC_DisableIRQ
                0x0000000008002ca4       0x28 ./Drivers/STM32WBxx_HAL_Driver/Src/stm32wbxx_hal_cortex.o
                0x0000000008002ca4                HAL_NVIC_DisableIRQ
 .text.HAL_SYSTICK_Config
                0x0000000008002ccc       0x28 ./Drivers/STM32WBxx_HAL_Driver/Src/stm32wbxx_hal_cortex.o
                0x0000000008002ccc                HAL_SYSTICK_Config
 .text.HAL_NVIC_SetPendingIRQ
                0x0000000008002cf4       0x20 ./Drivers/STM32WBxx_HAL_Driver/Src/stm32wbxx_hal_cortex.o
                0x0000000008002cf4                HAL_NVIC_SetPendingIRQ
 .text.HAL_NVIC_ClearPendingIRQ
                0x0000000008002d14       0x20 ./Drivers/STM32WBxx_HAL_Driver/Src/stm32wbxx_hal_cortex.o
                0x0000000008002d14                HAL_NVIC_ClearPendingIRQ
 .text.DMA_SetConfig
                0x0000000008002d34       0x34 ./Drivers/STM32WBxx_HAL_Driver/Src/stm32wbxx_hal_dma.o
 .text.DMA_CalcDMAMUXChannelBaseAndMask
                0x0000000008002d68       0x48 ./Drivers/STM32WBxx_HAL_Driver/Src/stm32wbxx_hal_dma.o
 .text.HAL_DMA_Init
                0x0000000008002db0       0xe8 ./Drivers/STM32WBxx_HAL_Driver/Src/stm32wbxx_hal_dma.o
                0x0000000008002db0                HAL_DMA_Init
 .text.HAL_DMA_Start_IT
                0x0000000008002e98       0x84 ./Drivers/STM32WBxx_HAL_Driver/Src/stm32wbxx_hal_dma.o
                0x0000000008002e98                HAL_DMA_Start_IT
 .text.HAL_DMA_Abort
                0x0000000008002f1c       0x6a ./Drivers/STM32WBxx_HAL_Driver/Src/stm32wbxx_hal_dma.o
                0x0000000008002f1c                HAL_DMA_Abort
 .text.HAL_DMA_Abort_IT
                0x0000000008002f86       0x6e ./Drivers/STM32WBxx_HAL_Driver/Src/stm32wbxx_hal_dma.o
                0x0000000008002f86                HAL_DMA_Abort_IT
 .text.HAL_DMA_IRQHandler
                0x0000000008002ff4       0x94 ./Drivers/STM32WBxx_HAL_Driver/Src/stm32wbxx_hal_dma.o
                0x0000000008002ff4                HAL_DMA_IRQHandler
 .text.HAL_DMAEx_ConfigMuxSync
                0x0000000008003088       0x50 ./Drivers/STM32WBxx_HAL_Driver/Src/stm32wbxx_hal_dma_ex.o
                0x0000000008003088                HAL_DMAEx_ConfigMuxSync
 .text.HAL_GPIO_Init
                0x00000000080030d8      0x16c ./Drivers/STM32WBxx_HAL_Driver/Src/stm32wbxx_hal_gpio.o
                0x00000000080030d8                HAL_GPIO_Init
 .text.HAL_GPIO_WritePin
                0x0000000008003244        0xa ./Drivers/STM32WBxx_HAL_Driver/Src/stm32wbxx_hal_gpio.o
                0x0000000008003244                HAL_GPIO_WritePin
 .text.HAL_GPIO_TogglePin
                0x000000000800324e       0x12 ./Drivers/STM32WBxx_HAL_Driver/Src/stm32wbxx_hal_gpio.o
                0x000000000800324e                HAL_GPIO_TogglePin
 .text.HAL_GPIO_EXTI_Callback
                0x0000000008003260        0x2 ./Drivers/STM32WBxx_HAL_Driver/Src/stm32wbxx_hal_gpio.o
                0x0000000008003260                HAL_GPIO_EXTI_Callback
 *fill*         0x0000000008003262        0x2 
 .text.HAL_GPIO_EXTI_IRQHandler
                0x0000000008003264       0x18 ./Drivers/STM32WBxx_HAL_Driver/Src/stm32wbxx_hal_gpio.o
                0x0000000008003264                HAL_GPIO_EXTI_IRQHandler
 .text.HAL_HSEM_FreeCallback
                0x000000000800327c        0x2 ./Drivers/STM32WBxx_HAL_Driver/Src/stm32wbxx_hal_hsem.o
                0x000000000800327c                HAL_HSEM_FreeCallback
 *fill*         0x000000000800327e        0x2 
 .text.HAL_HSEM_IRQHandler
                0x0000000008003280       0x1c ./Drivers/STM32WBxx_HAL_Driver/Src/stm32wbxx_hal_hsem.o
                0x0000000008003280                HAL_HSEM_IRQHandler
 .text.HAL_IPCC_TxCallback
                0x000000000800329c        0x2 ./Drivers/STM32WBxx_HAL_Driver/Src/stm32wbxx_hal_ipcc.o
                0x000000000800329c                HAL_IPCC_TxCallback
 .text.HAL_IPCC_RxCallback
                0x000000000800329e        0x2 ./Drivers/STM32WBxx_HAL_Driver/Src/stm32wbxx_hal_ipcc.o
                0x000000000800329e                HAL_IPCC_RxCallback
 .text.IPCC_SetDefaultCallbacks
                0x00000000080032a0       0x1c ./Drivers/STM32WBxx_HAL_Driver/Src/stm32wbxx_hal_ipcc.o
                0x00000000080032a0                IPCC_SetDefaultCallbacks
 .text.HAL_IPCC_Init
                0x00000000080032bc       0x44 ./Drivers/STM32WBxx_HAL_Driver/Src/stm32wbxx_hal_ipcc.o
                0x00000000080032bc                HAL_IPCC_Init
 .text.HAL_PWR_EnableBkUpAccess
                0x0000000008003300       0x10 ./Drivers/STM32WBxx_HAL_Driver/Src/stm32wbxx_hal_pwr.o
                0x0000000008003300                HAL_PWR_EnableBkUpAccess
 .text.HAL_PWREx_GetVoltageRange
                0x0000000008003310       0x10 ./Drivers/STM32WBxx_HAL_Driver/Src/stm32wbxx_hal_pwr_ex.o
                0x0000000008003310                HAL_PWREx_GetVoltageRange
 .text.LL_RCC_HSE_IsReady
                0x0000000008003320        0xc ./Drivers/STM32WBxx_HAL_Driver/Src/stm32wbxx_hal_rcc.o
 .text.LL_RCC_HSI_IsReady
                0x000000000800332c        0xc ./Drivers/STM32WBxx_HAL_Driver/Src/stm32wbxx_hal_rcc.o
 .text.LL_RCC_LSI1_IsReady
                0x0000000008003338        0xe ./Drivers/STM32WBxx_HAL_Driver/Src/stm32wbxx_hal_rcc.o
 .text.LL_RCC_MSI_IsReady
                0x0000000008003346        0xc ./Drivers/STM32WBxx_HAL_Driver/Src/stm32wbxx_hal_rcc.o
 .text.LL_RCC_MSI_SetRange
                0x0000000008003352       0x10 ./Drivers/STM32WBxx_HAL_Driver/Src/stm32wbxx_hal_rcc.o
 .text.LL_RCC_MSI_SetCalibTrimming
                0x0000000008003362       0x12 ./Drivers/STM32WBxx_HAL_Driver/Src/stm32wbxx_hal_rcc.o
 .text.RCC_SetFlashLatencyFromMSIRange
                0x0000000008003374       0xe8 ./Drivers/STM32WBxx_HAL_Driver/Src/stm32wbxx_hal_rcc.o
 .text.HAL_RCC_GetSysClockFreq
                0x000000000800345c       0xa4 ./Drivers/STM32WBxx_HAL_Driver/Src/stm32wbxx_hal_rcc.o
                0x000000000800345c                HAL_RCC_GetSysClockFreq
 .text.HAL_RCC_GetHCLKFreq
                0x0000000008003500       0x20 ./Drivers/STM32WBxx_HAL_Driver/Src/stm32wbxx_hal_rcc.o
                0x0000000008003500                HAL_RCC_GetHCLKFreq
 .text.HAL_RCC_OscConfig
                0x0000000008003520      0x5a8 ./Drivers/STM32WBxx_HAL_Driver/Src/stm32wbxx_hal_rcc.o
                0x0000000008003520                HAL_RCC_OscConfig
 .text.HAL_RCC_ClockConfig
                0x0000000008003ac8      0x1f0 ./Drivers/STM32WBxx_HAL_Driver/Src/stm32wbxx_hal_rcc.o
                0x0000000008003ac8                HAL_RCC_ClockConfig
 .text.HAL_RCC_GetPCLK1Freq
                0x0000000008003cb8       0x24 ./Drivers/STM32WBxx_HAL_Driver/Src/stm32wbxx_hal_rcc.o
                0x0000000008003cb8                HAL_RCC_GetPCLK1Freq
 .text.HAL_RCC_GetPCLK2Freq
                0x0000000008003cdc       0x24 ./Drivers/STM32WBxx_HAL_Driver/Src/stm32wbxx_hal_rcc.o
                0x0000000008003cdc                HAL_RCC_GetPCLK2Freq
 .text.LL_RCC_LSE_IsReady
                0x0000000008003d00        0xe ./Drivers/STM32WBxx_HAL_Driver/Src/stm32wbxx_hal_rcc_ex.o
 .text.LL_RCC_SetI2CClockSource
                0x0000000008003d0e       0x20 ./Drivers/STM32WBxx_HAL_Driver/Src/stm32wbxx_hal_rcc_ex.o
 .text.LL_RCC_PLLSAI1_Enable
                0x0000000008003d2e        0xe ./Drivers/STM32WBxx_HAL_Driver/Src/stm32wbxx_hal_rcc_ex.o
 .text.LL_RCC_PLLSAI1_Disable
                0x0000000008003d3c        0xe ./Drivers/STM32WBxx_HAL_Driver/Src/stm32wbxx_hal_rcc_ex.o
 .text.LL_RCC_PLLSAI1_IsReady
                0x0000000008003d4a        0xc ./Drivers/STM32WBxx_HAL_Driver/Src/stm32wbxx_hal_rcc_ex.o
 .text.HAL_RCCEx_PeriphCLKConfig
                0x0000000008003d56      0x38a ./Drivers/STM32WBxx_HAL_Driver/Src/stm32wbxx_hal_rcc_ex.o
                0x0000000008003d56                HAL_RCCEx_PeriphCLKConfig
 .text.HAL_RNG_Init
                0x00000000080040e0       0x3c ./Drivers/STM32WBxx_HAL_Driver/Src/stm32wbxx_hal_rng.o
                0x00000000080040e0                HAL_RNG_Init
 .text.HAL_RTC_WaitForSynchro
                0x000000000800411c       0x30 ./Drivers/STM32WBxx_HAL_Driver/Src/stm32wbxx_hal_rtc.o
                0x000000000800411c                HAL_RTC_WaitForSynchro
 .text.RTC_EnterInitMode
                0x000000000800414c       0x34 ./Drivers/STM32WBxx_HAL_Driver/Src/stm32wbxx_hal_rtc.o
                0x000000000800414c                RTC_EnterInitMode
 .text.HAL_RTC_Init
                0x0000000008004180       0xb8 ./Drivers/STM32WBxx_HAL_Driver/Src/stm32wbxx_hal_rtc.o
                0x0000000008004180                HAL_RTC_Init
 .text.HAL_RTCEx_SetWakeUpTimer_IT
                0x0000000008004238       0xf0 ./Drivers/STM32WBxx_HAL_Driver/Src/stm32wbxx_hal_rtc_ex.o
                0x0000000008004238                HAL_RTCEx_SetWakeUpTimer_IT
 .text.HAL_TIM_Base_Start
                0x0000000008004328       0x44 ./Drivers/STM32WBxx_HAL_Driver/Src/stm32wbxx_hal_tim.o
                0x0000000008004328                HAL_TIM_Base_Start
 .text.HAL_TIM_Base_Stop
                0x000000000800436c       0x28 ./Drivers/STM32WBxx_HAL_Driver/Src/stm32wbxx_hal_tim.o
                0x000000000800436c                HAL_TIM_Base_Stop
 .text.HAL_TIM_Base_Start_IT
                0x0000000008004394       0x4c ./Drivers/STM32WBxx_HAL_Driver/Src/stm32wbxx_hal_tim.o
                0x0000000008004394                HAL_TIM_Base_Start_IT
 .text.HAL_TIM_PeriodElapsedCallback
                0x00000000080043e0        0x2 ./Drivers/STM32WBxx_HAL_Driver/Src/stm32wbxx_hal_tim.o
                0x00000000080043e0                HAL_TIM_PeriodElapsedCallback
 .text.HAL_TIM_OC_DelayElapsedCallback
                0x00000000080043e2        0x2 ./Drivers/STM32WBxx_HAL_Driver/Src/stm32wbxx_hal_tim.o
                0x00000000080043e2                HAL_TIM_OC_DelayElapsedCallback
 .text.HAL_TIM_IC_CaptureCallback
                0x00000000080043e4        0x2 ./Drivers/STM32WBxx_HAL_Driver/Src/stm32wbxx_hal_tim.o
                0x00000000080043e4                HAL_TIM_IC_CaptureCallback
 .text.HAL_TIM_PWM_PulseFinishedCallback
                0x00000000080043e6        0x2 ./Drivers/STM32WBxx_HAL_Driver/Src/stm32wbxx_hal_tim.o
                0x00000000080043e6                HAL_TIM_PWM_PulseFinishedCallback
 .text.HAL_TIM_TriggerCallback
                0x00000000080043e8        0x2 ./Drivers/STM32WBxx_HAL_Driver/Src/stm32wbxx_hal_tim.o
                0x00000000080043e8                HAL_TIM_TriggerCallback
 .text.HAL_TIM_IRQHandler
                0x00000000080043ea      0x160 ./Drivers/STM32WBxx_HAL_Driver/Src/stm32wbxx_hal_tim.o
                0x00000000080043ea                HAL_TIM_IRQHandler
 *fill*         0x000000000800454a        0x2 
 .text.TIM_Base_SetConfig
                0x000000000800454c       0x74 ./Drivers/STM32WBxx_HAL_Driver/Src/stm32wbxx_hal_tim.o
                0x000000000800454c                TIM_Base_SetConfig
 .text.HAL_TIM_Base_Init
                0x00000000080045c0       0x60 ./Drivers/STM32WBxx_HAL_Driver/Src/stm32wbxx_hal_tim.o
                0x00000000080045c0                HAL_TIM_Base_Init
 .text.TIM_ETR_SetConfig
                0x0000000008004620       0x14 ./Drivers/STM32WBxx_HAL_Driver/Src/stm32wbxx_hal_tim.o
                0x0000000008004620                TIM_ETR_SetConfig
 .text.TIM_SlaveTimer_SetConfig
                0x0000000008004634       0xc8 ./Drivers/STM32WBxx_HAL_Driver/Src/stm32wbxx_hal_tim.o
 .text.HAL_TIM_SlaveConfigSynchro
                0x00000000080046fc       0x4e ./Drivers/STM32WBxx_HAL_Driver/Src/stm32wbxx_hal_tim.o
                0x00000000080046fc                HAL_TIM_SlaveConfigSynchro
 *fill*         0x000000000800474a        0x2 
 .text.HAL_TIMEx_MasterConfigSynchronization
                0x000000000800474c       0x58 ./Drivers/STM32WBxx_HAL_Driver/Src/stm32wbxx_hal_tim_ex.o
                0x000000000800474c                HAL_TIMEx_MasterConfigSynchronization
 .text.HAL_TIMEx_RemapConfig
                0x00000000080047a4       0x60 ./Drivers/STM32WBxx_HAL_Driver/Src/stm32wbxx_hal_tim_ex.o
                0x00000000080047a4                HAL_TIMEx_RemapConfig
 .text.HAL_TIMEx_CommutCallback
                0x0000000008004804        0x2 ./Drivers/STM32WBxx_HAL_Driver/Src/stm32wbxx_hal_tim_ex.o
                0x0000000008004804                HAL_TIMEx_CommutCallback
 .text.HAL_TIMEx_BreakCallback
                0x0000000008004806        0x2 ./Drivers/STM32WBxx_HAL_Driver/Src/stm32wbxx_hal_tim_ex.o
                0x0000000008004806                HAL_TIMEx_BreakCallback
 .text.HAL_TIMEx_Break2Callback
                0x0000000008004808        0x2 ./Drivers/STM32WBxx_HAL_Driver/Src/stm32wbxx_hal_tim_ex.o
                0x0000000008004808                HAL_TIMEx_Break2Callback
 .text.UART_EndTxTransfer
                0x000000000800480a       0x34 ./Drivers/STM32WBxx_HAL_Driver/Src/stm32wbxx_hal_uart.o
 *fill*         0x000000000800483e        0x2 
 .text.UART_EndRxTransfer
                0x0000000008004840       0x58 ./Drivers/STM32WBxx_HAL_Driver/Src/stm32wbxx_hal_uart.o
 .text.HAL_UART_Transmit_DMA
                0x0000000008004898       0xa8 ./Drivers/STM32WBxx_HAL_Driver/Src/stm32wbxx_hal_uart.o
                0x0000000008004898                HAL_UART_Transmit_DMA
 .text.UART_DMATransmitCplt
                0x0000000008004940       0x46 ./Drivers/STM32WBxx_HAL_Driver/Src/stm32wbxx_hal_uart.o
 .text.HAL_UART_TxHalfCpltCallback
                0x0000000008004986        0x2 ./Drivers/STM32WBxx_HAL_Driver/Src/stm32wbxx_hal_uart.o
                0x0000000008004986                HAL_UART_TxHalfCpltCallback
 .text.UART_DMATxHalfCplt
                0x0000000008004988        0xa ./Drivers/STM32WBxx_HAL_Driver/Src/stm32wbxx_hal_uart.o
 .text.HAL_UART_ErrorCallback
                0x0000000008004992        0x2 ./Drivers/STM32WBxx_HAL_Driver/Src/stm32wbxx_hal_uart.o
                0x0000000008004992                HAL_UART_ErrorCallback
 .text.UART_DMAError
                0x0000000008004994       0x4a ./Drivers/STM32WBxx_HAL_Driver/Src/stm32wbxx_hal_uart.o
 .text.UART_DMAAbortOnError
                0x00000000080049de       0x14 ./Drivers/STM32WBxx_HAL_Driver/Src/stm32wbxx_hal_uart.o
 .text.HAL_UARTEx_RxEventCallback
                0x00000000080049f2        0x2 ./Drivers/STM32WBxx_HAL_Driver/Src/stm32wbxx_hal_uart.o
                0x00000000080049f2                HAL_UARTEx_RxEventCallback
 .text.HAL_UART_IRQHandler
                0x00000000080049f4      0x2e8 ./Drivers/STM32WBxx_HAL_Driver/Src/stm32wbxx_hal_uart.o
                0x00000000080049f4                HAL_UART_IRQHandler
 .text.UART_SetConfig
                0x0000000008004cdc      0x1f8 ./Drivers/STM32WBxx_HAL_Driver/Src/stm32wbxx_hal_uart.o
                0x0000000008004cdc                UART_SetConfig
 .text.UART_AdvFeatureConfig
                0x0000000008004ed4       0xa8 ./Drivers/STM32WBxx_HAL_Driver/Src/stm32wbxx_hal_uart.o
                0x0000000008004ed4                UART_AdvFeatureConfig
 .text.UART_WaitOnFlagUntilTimeout
                0x0000000008004f7c       0xc4 ./Drivers/STM32WBxx_HAL_Driver/Src/stm32wbxx_hal_uart.o
                0x0000000008004f7c                UART_WaitOnFlagUntilTimeout
 .text.HAL_UART_Transmit
                0x0000000008005040       0xba ./Drivers/STM32WBxx_HAL_Driver/Src/stm32wbxx_hal_uart.o
                0x0000000008005040                HAL_UART_Transmit
 .text.UART_CheckIdleState
                0x00000000080050fa       0x6a ./Drivers/STM32WBxx_HAL_Driver/Src/stm32wbxx_hal_uart.o
                0x00000000080050fa                UART_CheckIdleState
 .text.HAL_UART_Init
                0x0000000008005164       0x60 ./Drivers/STM32WBxx_HAL_Driver/Src/stm32wbxx_hal_uart.o
                0x0000000008005164                HAL_UART_Init
 .text.UARTEx_SetNbDataToProcess
                0x00000000080051c4       0x44 ./Drivers/STM32WBxx_HAL_Driver/Src/stm32wbxx_hal_uart_ex.o
 .text.HAL_UARTEx_WakeupCallback
                0x0000000008005208        0x2 ./Drivers/STM32WBxx_HAL_Driver/Src/stm32wbxx_hal_uart_ex.o
                0x0000000008005208                HAL_UARTEx_WakeupCallback
 .text.HAL_UARTEx_RxFifoFullCallback
                0x000000000800520a        0x2 ./Drivers/STM32WBxx_HAL_Driver/Src/stm32wbxx_hal_uart_ex.o
                0x000000000800520a                HAL_UARTEx_RxFifoFullCallback
 .text.HAL_UARTEx_TxFifoEmptyCallback
                0x000000000800520c        0x2 ./Drivers/STM32WBxx_HAL_Driver/Src/stm32wbxx_hal_uart_ex.o
                0x000000000800520c                HAL_UARTEx_TxFifoEmptyCallback
 .text.HAL_UARTEx_DisableFifoMode
                0x000000000800520e       0x36 ./Drivers/STM32WBxx_HAL_Driver/Src/stm32wbxx_hal_uart_ex.o
                0x000000000800520e                HAL_UARTEx_DisableFifoMode
 .text.HAL_UARTEx_SetTxFifoThreshold
                0x0000000008005244       0x48 ./Drivers/STM32WBxx_HAL_Driver/Src/stm32wbxx_hal_uart_ex.o
                0x0000000008005244                HAL_UARTEx_SetTxFifoThreshold
 .text.HAL_UARTEx_SetRxFifoThreshold
                0x000000000800528c       0x48 ./Drivers/STM32WBxx_HAL_Driver/Src/stm32wbxx_hal_uart_ex.o
                0x000000000800528c                HAL_UARTEx_SetRxFifoThreshold
 .text.aci_gap_set_non_discoverable
                0x00000000080052d4       0x3c ./Middlewares/ST/STM32_WPAN/ble/core/auto/ble_gap_aci.o
                0x00000000080052d4                aci_gap_set_non_discoverable
 .text.aci_gap_set_discoverable
                0x0000000008005310       0xb0 ./Middlewares/ST/STM32_WPAN/ble/core/auto/ble_gap_aci.o
                0x0000000008005310                aci_gap_set_discoverable
 .text.aci_gap_set_io_capability
                0x00000000080053c0       0x48 ./Middlewares/ST/STM32_WPAN/ble/core/auto/ble_gap_aci.o
                0x00000000080053c0                aci_gap_set_io_capability
 .text.aci_gap_set_authentication_requirement
                0x0000000008005408       0x7c ./Middlewares/ST/STM32_WPAN/ble/core/auto/ble_gap_aci.o
                0x0000000008005408                aci_gap_set_authentication_requirement
 .text.aci_gap_pass_key_resp
                0x0000000008005484       0x4c ./Middlewares/ST/STM32_WPAN/ble/core/auto/ble_gap_aci.o
                0x0000000008005484                aci_gap_pass_key_resp
 .text.aci_gap_init
                0x00000000080054d0       0x84 ./Middlewares/ST/STM32_WPAN/ble/core/auto/ble_gap_aci.o
                0x00000000080054d0                aci_gap_init
 .text.aci_gap_update_adv_data
                0x0000000008005554       0x54 ./Middlewares/ST/STM32_WPAN/ble/core/auto/ble_gap_aci.o
                0x0000000008005554                aci_gap_update_adv_data
 .text.aci_gap_configure_whitelist
                0x00000000080055a8       0x3c ./Middlewares/ST/STM32_WPAN/ble/core/auto/ble_gap_aci.o
                0x00000000080055a8                aci_gap_configure_whitelist
 .text.aci_gap_numeric_comparison_value_confirm_yesno
                0x00000000080055e4       0x4c ./Middlewares/ST/STM32_WPAN/ble/core/auto/ble_gap_aci.o
                0x00000000080055e4                aci_gap_numeric_comparison_value_confirm_yesno
 .text.aci_gatt_init
                0x0000000008005630       0x3c ./Middlewares/ST/STM32_WPAN/ble/core/auto/ble_gatt_aci.o
                0x0000000008005630                aci_gatt_init
 .text.aci_gatt_add_service
                0x000000000800566c       0xa0 ./Middlewares/ST/STM32_WPAN/ble/core/auto/ble_gatt_aci.o
                0x000000000800566c                aci_gatt_add_service
 .text.aci_gatt_add_char
                0x000000000800570c       0xb8 ./Middlewares/ST/STM32_WPAN/ble/core/auto/ble_gatt_aci.o
                0x000000000800570c                aci_gatt_add_char
 .text.aci_gatt_update_char_value
                0x00000000080057c4       0x64 ./Middlewares/ST/STM32_WPAN/ble/core/auto/ble_gatt_aci.o
                0x00000000080057c4                aci_gatt_update_char_value
 .text.aci_gatt_allow_read
                0x0000000008005828       0x48 ./Middlewares/ST/STM32_WPAN/ble/core/auto/ble_gatt_aci.o
                0x0000000008005828                aci_gatt_allow_read
 .text.aci_hal_write_config_data
                0x0000000008005870       0x5c ./Middlewares/ST/STM32_WPAN/ble/core/auto/ble_hal_aci.o
                0x0000000008005870                aci_hal_write_config_data
 .text.aci_hal_set_tx_power_level
                0x00000000080058cc       0x4c ./Middlewares/ST/STM32_WPAN/ble/core/auto/ble_hal_aci.o
                0x00000000080058cc                aci_hal_set_tx_power_level
 .text.aci_hal_set_radio_activity_mask
                0x0000000008005918       0x48 ./Middlewares/ST/STM32_WPAN/ble/core/auto/ble_hal_aci.o
                0x0000000008005918                aci_hal_set_radio_activity_mask
 .text.hci_reset
                0x0000000008005960       0x3a ./Middlewares/ST/STM32_WPAN/ble/core/auto/ble_hci_le.o
                0x0000000008005960                hci_reset
 *fill*         0x000000000800599a        0x2 
 .text.hci_le_read_phy
                0x000000000800599c       0x60 ./Middlewares/ST/STM32_WPAN/ble/core/auto/ble_hci_le.o
                0x000000000800599c                hci_le_read_phy
 .text.hci_le_set_default_phy
                0x00000000080059fc       0x50 ./Middlewares/ST/STM32_WPAN/ble/core/auto/ble_hci_le.o
                0x00000000080059fc                hci_le_set_default_phy
 .text.Osal_MemCpy
                0x0000000008005a4c        0x4 ./Middlewares/ST/STM32_WPAN/ble/core/template/osal.o
                0x0000000008005a4c                Osal_MemCpy
 .text.Osal_MemSet
                0x0000000008005a50        0x4 ./Middlewares/ST/STM32_WPAN/ble/core/template/osal.o
                0x0000000008005a50                Osal_MemSet
 .text.PeerToPeer_Event_Handler
                0x0000000008005a54       0x98 ./Middlewares/ST/STM32_WPAN/ble/svc/Src/p2p_stm.o
 .text.P2PS_STM_Init
                0x0000000008005aec      0x194 ./Middlewares/ST/STM32_WPAN/ble/svc/Src/p2p_stm.o
                0x0000000008005aec                P2PS_STM_Init
 .text.BAS_Init
                0x0000000008005c80        0x2 ./Middlewares/ST/STM32_WPAN/ble/svc/Src/svc_ctl.o
                0x0000000008005c80                BAS_Init
 .text.BLS_Init
                0x0000000008005c82        0x2 ./Middlewares/ST/STM32_WPAN/ble/svc/Src/svc_ctl.o
                0x0000000008005c82                BLS_Init
 .text.CRS_STM_Init
                0x0000000008005c84        0x2 ./Middlewares/ST/STM32_WPAN/ble/svc/Src/svc_ctl.o
                0x0000000008005c84                CRS_STM_Init
 .text.DIS_Init
                0x0000000008005c86        0x2 ./Middlewares/ST/STM32_WPAN/ble/svc/Src/svc_ctl.o
                0x0000000008005c86                DIS_Init
 .text.EDS_STM_Init
                0x0000000008005c88        0x2 ./Middlewares/ST/STM32_WPAN/ble/svc/Src/svc_ctl.o
                0x0000000008005c88                EDS_STM_Init
 .text.HIDS_Init
                0x0000000008005c8a        0x2 ./Middlewares/ST/STM32_WPAN/ble/svc/Src/svc_ctl.o
                0x0000000008005c8a                HIDS_Init
 .text.HRS_Init
                0x0000000008005c8c        0x2 ./Middlewares/ST/STM32_WPAN/ble/svc/Src/svc_ctl.o
                0x0000000008005c8c                HRS_Init
 .text.HTS_Init
                0x0000000008005c8e        0x2 ./Middlewares/ST/STM32_WPAN/ble/svc/Src/svc_ctl.o
                0x0000000008005c8e                HTS_Init
 .text.IAS_Init
                0x0000000008005c90        0x2 ./Middlewares/ST/STM32_WPAN/ble/svc/Src/svc_ctl.o
                0x0000000008005c90                IAS_Init
 .text.LLS_Init
                0x0000000008005c92        0x2 ./Middlewares/ST/STM32_WPAN/ble/svc/Src/svc_ctl.o
                0x0000000008005c92                LLS_Init
 .text.TPS_Init
                0x0000000008005c94        0x2 ./Middlewares/ST/STM32_WPAN/ble/svc/Src/svc_ctl.o
                0x0000000008005c94                TPS_Init
 .text.MOTENV_STM_Init
                0x0000000008005c96        0x2 ./Middlewares/ST/STM32_WPAN/ble/svc/Src/svc_ctl.o
                0x0000000008005c96                MOTENV_STM_Init
 .text.ZDD_STM_Init
                0x0000000008005c98        0x2 ./Middlewares/ST/STM32_WPAN/ble/svc/Src/svc_ctl.o
                0x0000000008005c98                ZDD_STM_Init
 .text.OTAS_STM_Init
                0x0000000008005c9a        0x2 ./Middlewares/ST/STM32_WPAN/ble/svc/Src/svc_ctl.o
                0x0000000008005c9a                OTAS_STM_Init
 .text.MESH_Init
                0x0000000008005c9c        0x2 ./Middlewares/ST/STM32_WPAN/ble/svc/Src/svc_ctl.o
                0x0000000008005c9c                MESH_Init
 .text.BVOPUS_STM_Init
                0x0000000008005c9e        0x2 ./Middlewares/ST/STM32_WPAN/ble/svc/Src/svc_ctl.o
                0x0000000008005c9e                BVOPUS_STM_Init
 .text.SVCCTL_SvcInit
                0x0000000008005ca0       0x4c ./Middlewares/ST/STM32_WPAN/ble/svc/Src/svc_ctl.o
                0x0000000008005ca0                SVCCTL_SvcInit
 .text.SVCCTL_Init
                0x0000000008005cec       0x18 ./Middlewares/ST/STM32_WPAN/ble/svc/Src/svc_ctl.o
                0x0000000008005cec                SVCCTL_Init
 .text.SVCCTL_RegisterSvcHandler
                0x0000000008005d04       0x14 ./Middlewares/ST/STM32_WPAN/ble/svc/Src/svc_ctl.o
                0x0000000008005d04                SVCCTL_RegisterSvcHandler
 .text.SVCCTL_UserEvtRx
                0x0000000008005d18       0x48 ./Middlewares/ST/STM32_WPAN/ble/svc/Src/svc_ctl.o
                0x0000000008005d18                SVCCTL_UserEvtRx
 .text.SHCI_C2_BLE_Init
                0x0000000008005d60       0x1c ./Middlewares/ST/STM32_WPAN/interface/patterns/ble_thread/shci/shci.o
                0x0000000008005d60                SHCI_C2_BLE_Init
 .text.SHCI_C2_DEBUG_Init
                0x0000000008005d7c       0x1c ./Middlewares/ST/STM32_WPAN/interface/patterns/ble_thread/shci/shci.o
                0x0000000008005d7c                SHCI_C2_DEBUG_Init
 .text.SHCI_C2_Config
                0x0000000008005d98       0x1a ./Middlewares/ST/STM32_WPAN/interface/patterns/ble_thread/shci/shci.o
                0x0000000008005d98                SHCI_C2_Config
 *fill*         0x0000000008005db2        0x2 
 .text.SHCI_GetWirelessFwInfo
                0x0000000008005db4       0x7c ./Middlewares/ST/STM32_WPAN/interface/patterns/ble_thread/shci/shci.o
                0x0000000008005db4                SHCI_GetWirelessFwInfo
 .text.hci_init
                0x0000000008005e30       0x54 ./Middlewares/ST/STM32_WPAN/interface/patterns/ble_thread/tl/hci_tl.o
                0x0000000008005e30                hci_init
 .text.hci_user_evt_proc
                0x0000000008005e84       0x6c ./Middlewares/ST/STM32_WPAN/interface/patterns/ble_thread/tl/hci_tl.o
                0x0000000008005e84                hci_user_evt_proc
 .text.hci_send_req
                0x0000000008005ef0       0xc8 ./Middlewares/ST/STM32_WPAN/interface/patterns/ble_thread/tl/hci_tl.o
                0x0000000008005ef0                hci_send_req
 .text.TlEvtReceived
                0x0000000008005fb8       0x34 ./Middlewares/ST/STM32_WPAN/interface/patterns/ble_thread/tl/hci_tl.o
 .text.hci_register_io_bus
                0x0000000008005fec       0x14 ./Middlewares/ST/STM32_WPAN/interface/patterns/ble_thread/tl/hci_tl_if.o
                0x0000000008005fec                hci_register_io_bus
 .text.TlUserEvtReceived
                0x0000000008006000       0x18 ./Middlewares/ST/STM32_WPAN/interface/patterns/ble_thread/tl/shci_tl.o
 .text.Cmd_SetStatus.constprop.0
                0x0000000008006018       0x18 ./Middlewares/ST/STM32_WPAN/interface/patterns/ble_thread/tl/shci_tl.o
 .text.shci_init
                0x0000000008006030       0x54 ./Middlewares/ST/STM32_WPAN/interface/patterns/ble_thread/tl/shci_tl.o
                0x0000000008006030                shci_init
 .text.shci_user_evt_proc
                0x0000000008006084       0x68 ./Middlewares/ST/STM32_WPAN/interface/patterns/ble_thread/tl/shci_tl.o
                0x0000000008006084                shci_user_evt_proc
 .text.shci_send
                0x00000000080060ec       0x6c ./Middlewares/ST/STM32_WPAN/interface/patterns/ble_thread/tl/shci_tl.o
                0x00000000080060ec                shci_send
 .text.TlCmdEvtReceived
                0x0000000008006158        0xa ./Middlewares/ST/STM32_WPAN/interface/patterns/ble_thread/tl/shci_tl.o
 *fill*         0x0000000008006162        0x2 
 .text.shci_register_io_bus
                0x0000000008006164       0x14 ./Middlewares/ST/STM32_WPAN/interface/patterns/ble_thread/tl/shci_tl_if.o
                0x0000000008006164                shci_register_io_bus
 .text.SendFreeBuf
                0x0000000008006178       0x30 ./Middlewares/ST/STM32_WPAN/interface/patterns/ble_thread/tl/tl_mbox.o
 .text.TL_Enable
                0x00000000080061a8        0x4 ./Middlewares/ST/STM32_WPAN/interface/patterns/ble_thread/tl/tl_mbox.o
                0x00000000080061a8                TL_Enable
 .text.TL_Init  0x00000000080061ac       0x48 ./Middlewares/ST/STM32_WPAN/interface/patterns/ble_thread/tl/tl_mbox.o
                0x00000000080061ac                TL_Init
 .text.TL_BLE_Init
                0x00000000080061f4       0x48 ./Middlewares/ST/STM32_WPAN/interface/patterns/ble_thread/tl/tl_mbox.o
                0x00000000080061f4                TL_BLE_Init
 .text.TL_BLE_SendCmd
                0x000000000800623c       0x1c ./Middlewares/ST/STM32_WPAN/interface/patterns/ble_thread/tl/tl_mbox.o
                0x000000000800623c                TL_BLE_SendCmd
 .text.HW_IPCC_BLE_RxEvtNot
                0x0000000008006258       0x2c ./Middlewares/ST/STM32_WPAN/interface/patterns/ble_thread/tl/tl_mbox.o
                0x0000000008006258                HW_IPCC_BLE_RxEvtNot
 .text.HW_IPCC_BLE_AclDataAckNot
                0x0000000008006284        0xc ./Middlewares/ST/STM32_WPAN/interface/patterns/ble_thread/tl/tl_mbox.o
                0x0000000008006284                HW_IPCC_BLE_AclDataAckNot
 .text.TL_SYS_Init
                0x0000000008006290       0x3c ./Middlewares/ST/STM32_WPAN/interface/patterns/ble_thread/tl/tl_mbox.o
                0x0000000008006290                TL_SYS_Init
 .text.TL_SYS_SendCmd
                0x00000000080062cc       0x1c ./Middlewares/ST/STM32_WPAN/interface/patterns/ble_thread/tl/tl_mbox.o
                0x00000000080062cc                TL_SYS_SendCmd
 .text.HW_IPCC_SYS_CmdEvtNot
                0x00000000080062e8       0x18 ./Middlewares/ST/STM32_WPAN/interface/patterns/ble_thread/tl/tl_mbox.o
                0x00000000080062e8                HW_IPCC_SYS_CmdEvtNot
 .text.HW_IPCC_SYS_EvtNot
                0x0000000008006300       0x2c ./Middlewares/ST/STM32_WPAN/interface/patterns/ble_thread/tl/tl_mbox.o
                0x0000000008006300                HW_IPCC_SYS_EvtNot
 .text.TL_MM_Init
                0x000000000800632c       0x40 ./Middlewares/ST/STM32_WPAN/interface/patterns/ble_thread/tl/tl_mbox.o
                0x000000000800632c                TL_MM_Init
 .text.TL_MM_EvtDone
                0x000000000800636c       0x1c ./Middlewares/ST/STM32_WPAN/interface/patterns/ble_thread/tl/tl_mbox.o
                0x000000000800636c                TL_MM_EvtDone
 .text.TL_TRACES_Init
                0x0000000008006388       0x20 ./Middlewares/ST/STM32_WPAN/interface/patterns/ble_thread/tl/tl_mbox.o
                0x0000000008006388                TL_TRACES_Init
 .text.TL_TRACES_EvtReceived
                0x00000000080063a8        0x2 ./Middlewares/ST/STM32_WPAN/interface/patterns/ble_thread/tl/tl_mbox.o
                0x00000000080063a8                TL_TRACES_EvtReceived
 *fill*         0x00000000080063aa        0x2 
 .text.HW_IPCC_TRACES_EvtNot
                0x00000000080063ac       0x24 ./Middlewares/ST/STM32_WPAN/interface/patterns/ble_thread/tl/tl_mbox.o
                0x00000000080063ac                HW_IPCC_TRACES_EvtNot
 .text.DbgTrace_TxCpltCallback
                0x00000000080063d0       0x48 ./Middlewares/ST/STM32_WPAN/utilities/dbg_trace.o
 .text.DbgTraceGetFileName
                0x0000000008006418       0x20 ./Middlewares/ST/STM32_WPAN/utilities/dbg_trace.o
                0x0000000008006418                DbgTraceGetFileName
 .text.DbgTraceWrite
                0x0000000008006438       0x5c ./Middlewares/ST/STM32_WPAN/utilities/dbg_trace.o
                0x0000000008006438                DbgTraceWrite
 .text._write   0x0000000008006494       0x4c ./Middlewares/ST/STM32_WPAN/utilities/dbg_trace.o
                0x0000000008006494                _write
 .text.OTP_Read
                0x00000000080064e0       0x20 ./Middlewares/ST/STM32_WPAN/utilities/otp.o
                0x00000000080064e0                OTP_Read
 .text.LST_init_head
                0x0000000008006500        0x6 ./Middlewares/ST/STM32_WPAN/utilities/stm_list.o
                0x0000000008006500                LST_init_head
 .text.LST_is_empty
                0x0000000008006506       0x14 ./Middlewares/ST/STM32_WPAN/utilities/stm_list.o
                0x0000000008006506                LST_is_empty
 .text.LST_insert_head
                0x000000000800651a       0x18 ./Middlewares/ST/STM32_WPAN/utilities/stm_list.o
                0x000000000800651a                LST_insert_head
 .text.LST_insert_tail
                0x0000000008006532       0x18 ./Middlewares/ST/STM32_WPAN/utilities/stm_list.o
                0x0000000008006532                LST_insert_tail
 .text.LST_remove_node
                0x000000000800654a       0x16 ./Middlewares/ST/STM32_WPAN/utilities/stm_list.o
                0x000000000800654a                LST_remove_node
 .text.LST_remove_head
                0x0000000008006560       0x18 ./Middlewares/ST/STM32_WPAN/utilities/stm_list.o
                0x0000000008006560                LST_remove_head
 .text.CircularQueue_Add
                0x0000000008006578      0x212 ./Middlewares/ST/STM32_WPAN/utilities/stm_queue.o
                0x0000000008006578                CircularQueue_Add
 .text.CircularQueue_Remove
                0x000000000800678a       0xb8 ./Middlewares/ST/STM32_WPAN/utilities/stm_queue.o
                0x000000000800678a                CircularQueue_Remove
 .text.CircularQueue_Sense
                0x0000000008006842       0x90 ./Middlewares/ST/STM32_WPAN/utilities/stm_queue.o
                0x0000000008006842                CircularQueue_Sense
 .text.Switch_OFF_GPIO
                0x00000000080068d2        0x2 ./STM32_WPAN/App/app_ble.o
 .text.Adv_Cancel_Req
                0x00000000080068d4        0x8 ./STM32_WPAN/App/app_ble.o
 .text.BLE_UserEvtRx
                0x00000000080068dc       0x16 ./STM32_WPAN/App/app_ble.o
 .text.BLE_StatusNot
                0x00000000080068f2       0x14 ./STM32_WPAN/App/app_ble.o
 *fill*         0x0000000008006906        0x2 
 .text.Adv_Cancel
                0x0000000008006908       0x88 ./STM32_WPAN/App/app_ble.o
 .text.Adv_Request.constprop.0
                0x0000000008006990       0xc8 ./STM32_WPAN/App/app_ble.o
 .text.APP_BLE_Init
                0x0000000008006a58      0x20c ./STM32_WPAN/App/app_ble.o
                0x0000000008006a58                APP_BLE_Init
 .text.SVCCTL_App_Notification
                0x0000000008006c64      0x2cc ./STM32_WPAN/App/app_ble.o
                0x0000000008006c64                SVCCTL_App_Notification
 .text.hci_notify_asynch_evt
                0x0000000008006f30        0x8 ./STM32_WPAN/App/app_ble.o
                0x0000000008006f30                hci_notify_asynch_evt
 .text.hci_cmd_resp_release
                0x0000000008006f38        0x6 ./STM32_WPAN/App/app_ble.o
                0x0000000008006f38                hci_cmd_resp_release
 .text.hci_cmd_resp_wait
                0x0000000008006f3e        0x6 ./STM32_WPAN/App/app_ble.o
                0x0000000008006f3e                hci_cmd_resp_wait
 .text.My_Action
                0x0000000008006f44       0xf4 ./STM32_WPAN/App/custom_app.o
                0x0000000008006f44                My_Action
 .text.Custom_STM_App_Notification
                0x0000000008007038      0x39c ./STM32_WPAN/App/custom_app.o
                0x0000000008007038                Custom_STM_App_Notification
 .text.Custom_APP_Notification
                0x00000000080073d4       0xb0 ./STM32_WPAN/App/custom_app.o
                0x00000000080073d4                Custom_APP_Notification
 .text.Custom_APP_Init
                0x0000000008007484       0x58 ./STM32_WPAN/App/custom_app.o
                0x0000000008007484                Custom_APP_Init
 .text.Ask_My_Action
                0x00000000080074dc       0x38 ./STM32_WPAN/App/custom_app.o
                0x00000000080074dc                Ask_My_Action
 .text.Custom_STM_Event_Handler
                0x0000000008007514      0x8ec ./STM32_WPAN/App/custom_stm.o
 .text.Mirror   0x0000000008007e00       0x54 ./STM32_WPAN/App/custom_stm.o
                0x0000000008007e00                Mirror
 .text.C3_NOTIFICATION
                0x0000000008007e54       0x50 ./STM32_WPAN/App/custom_stm.o
                0x0000000008007e54                C3_NOTIFICATION
 .text.Custom_Characteristic_Send
                0x0000000008007ea4       0xc0 ./STM32_WPAN/App/custom_stm.o
                0x0000000008007ea4                Custom_Characteristic_Send
 .text.SVCCTL_InitCustomSvc
                0x0000000008007f64      0x4f4 ./STM32_WPAN/App/custom_stm.o
                0x0000000008007f64                SVCCTL_InitCustomSvc
 .text.P2PS_STM_App_Notification
                0x0000000008008458       0x48 ./STM32_WPAN/App/p2p_server_app.o
                0x0000000008008458                P2PS_STM_App_Notification
 .text.P2PS_APP_Init
                0x00000000080084a0        0x2 ./STM32_WPAN/App/p2p_server_app.o
                0x00000000080084a0                P2PS_APP_Init
 *fill*         0x00000000080084a2        0x2 
 .text.HW_IPCC_Enable
                0x00000000080084a4       0x50 ./STM32_WPAN/Target/hw_ipcc.o
                0x00000000080084a4                HW_IPCC_Enable
 .text.HW_IPCC_Init
                0x00000000080084f4       0x40 ./STM32_WPAN/Target/hw_ipcc.o
                0x00000000080084f4                HW_IPCC_Init
 .text.HW_IPCC_BLE_Init
                0x0000000008008534       0x10 ./STM32_WPAN/Target/hw_ipcc.o
                0x0000000008008534                HW_IPCC_BLE_Init
 .text.HW_IPCC_BLE_SendCmd
                0x0000000008008544       0x10 ./STM32_WPAN/Target/hw_ipcc.o
                0x0000000008008544                HW_IPCC_BLE_SendCmd
 .text.HW_IPCC_SYS_Init
                0x0000000008008554       0x10 ./STM32_WPAN/Target/hw_ipcc.o
                0x0000000008008554                HW_IPCC_SYS_Init
 .text.HW_IPCC_SYS_SendCmd
                0x0000000008008564       0x18 ./STM32_WPAN/Target/hw_ipcc.o
                0x0000000008008564                HW_IPCC_SYS_SendCmd
 .text.HW_IPCC_Tx_Handler
                0x000000000800857c       0x64 ./STM32_WPAN/Target/hw_ipcc.o
                0x000000000800857c                HW_IPCC_Tx_Handler
 .text.HW_IPCC_MM_SendFreeBuf
                0x00000000080085e0       0x2c ./STM32_WPAN/Target/hw_ipcc.o
                0x00000000080085e0                HW_IPCC_MM_SendFreeBuf
 .text.HW_IPCC_TRACES_Init
                0x000000000800860c       0x10 ./STM32_WPAN/Target/hw_ipcc.o
                0x000000000800860c                HW_IPCC_TRACES_Init
 .text.HW_IPCC_Rx_Handler
                0x000000000800861c       0x48 ./STM32_WPAN/Target/hw_ipcc.o
                0x000000000800861c                HW_IPCC_Rx_Handler
 .text.UTIL_LPM_Init
                0x0000000008008664       0x14 ./Utilities/lpm/tiny_lpm/stm32_lpm.o
                0x0000000008008664                UTIL_LPM_Init
 .text.UTIL_LPM_SetOffMode
                0x0000000008008678       0x2c ./Utilities/lpm/tiny_lpm/stm32_lpm.o
                0x0000000008008678                UTIL_LPM_SetOffMode
 .text.UTIL_SEQ_SetTask
                0x00000000080086a4       0x2c ./Utilities/sequencer/stm32_seq.o
                0x00000000080086a4                UTIL_SEQ_SetTask
 .text.UTIL_SEQ_PauseTask
                0x00000000080086d0       0x1c ./Utilities/sequencer/stm32_seq.o
                0x00000000080086d0                UTIL_SEQ_PauseTask
 .text.UTIL_SEQ_ResumeTask
                0x00000000080086ec       0x18 ./Utilities/sequencer/stm32_seq.o
                0x00000000080086ec                UTIL_SEQ_ResumeTask
 .text.UTIL_SEQ_SetEvt
                0x0000000008008704       0x18 ./Utilities/sequencer/stm32_seq.o
                0x0000000008008704                UTIL_SEQ_SetEvt
 .text.UTIL_SEQ_PreIdle
                0x000000000800871c        0x2 ./Utilities/sequencer/stm32_seq.o
                0x000000000800871c                UTIL_SEQ_PreIdle
 .text.UTIL_SEQ_PostIdle
                0x000000000800871e        0x2 ./Utilities/sequencer/stm32_seq.o
                0x000000000800871e                UTIL_SEQ_PostIdle
 .text.SEQ_BitPosition
                0x0000000008008720       0x40 ./Utilities/sequencer/stm32_seq.o
                0x0000000008008720                SEQ_BitPosition
 .text.UTIL_SEQ_Run
                0x0000000008008760      0x118 ./Utilities/sequencer/stm32_seq.o
                0x0000000008008760                UTIL_SEQ_Run
 .text.UTIL_SEQ_WaitEvt
                0x0000000008008878       0x5c ./Utilities/sequencer/stm32_seq.o
                0x0000000008008878                UTIL_SEQ_WaitEvt
 .text.UTIL_SEQ_RegTask
                0x00000000080088d4       0x20 ./Utilities/sequencer/stm32_seq.o
                0x00000000080088d4                UTIL_SEQ_RegTask
 .text.__errno  0x00000000080088f4        0xc c:/st/stm32cubeide_1.9.0/stm32cubeide/plugins/com.st.stm32cube.ide.mcu.externaltools.gnu-tools-for-stm32.10.3-2021.10.win32_1.0.0.202111181127/tools/bin/../lib/gcc/arm-none-eabi/10.3.1/../../../../arm-none-eabi/lib/thumb/v7e-m+fp/hard\libc_nano.a(lib_a-errno.o)
                0x00000000080088f4                __errno
 .text.__libc_init_array
                0x0000000008008900       0x48 c:/st/stm32cubeide_1.9.0/stm32cubeide/plugins/com.st.stm32cube.ide.mcu.externaltools.gnu-tools-for-stm32.10.3-2021.10.win32_1.0.0.202111181127/tools/bin/../lib/gcc/arm-none-eabi/10.3.1/../../../../arm-none-eabi/lib/thumb/v7e-m+fp/hard\libc_nano.a(lib_a-init.o)
                0x0000000008008900                __libc_init_array
 .text.memcpy   0x0000000008008948       0x1c c:/st/stm32cubeide_1.9.0/stm32cubeide/plugins/com.st.stm32cube.ide.mcu.externaltools.gnu-tools-for-stm32.10.3-2021.10.win32_1.0.0.202111181127/tools/bin/../lib/gcc/arm-none-eabi/10.3.1/../../../../arm-none-eabi/lib/thumb/v7e-m+fp/hard\libc_nano.a(lib_a-memcpy-stub.o)
                0x0000000008008948                memcpy
 .text.memset   0x0000000008008964       0x10 c:/st/stm32cubeide_1.9.0/stm32cubeide/plugins/com.st.stm32cube.ide.mcu.externaltools.gnu-tools-for-stm32.10.3-2021.10.win32_1.0.0.202111181127/tools/bin/../lib/gcc/arm-none-eabi/10.3.1/../../../../arm-none-eabi/lib/thumb/v7e-m+fp/hard\libc_nano.a(lib_a-memset.o)
                0x0000000008008964                memset
 .text.printf   0x0000000008008974       0x30 c:/st/stm32cubeide_1.9.0/stm32cubeide/plugins/com.st.stm32cube.ide.mcu.externaltools.gnu-tools-for-stm32.10.3-2021.10.win32_1.0.0.202111181127/tools/bin/../lib/gcc/arm-none-eabi/10.3.1/../../../../arm-none-eabi/lib/thumb/v7e-m+fp/hard\libc_nano.a(lib_a-printf.o)
                0x0000000008008974                iprintf
                0x0000000008008974                printf
 .text._puts_r  0x00000000080089a4       0xdc c:/st/stm32cubeide_1.9.0/stm32cubeide/plugins/com.st.stm32cube.ide.mcu.externaltools.gnu-tools-for-stm32.10.3-2021.10.win32_1.0.0.202111181127/tools/bin/../lib/gcc/arm-none-eabi/10.3.1/../../../../arm-none-eabi/lib/thumb/v7e-m+fp/hard\libc_nano.a(lib_a-puts.o)
                0x00000000080089a4                _puts_r
 .text.puts     0x0000000008008a80       0x10 c:/st/stm32cubeide_1.9.0/stm32cubeide/plugins/com.st.stm32cube.ide.mcu.externaltools.gnu-tools-for-stm32.10.3-2021.10.win32_1.0.0.202111181127/tools/bin/../lib/gcc/arm-none-eabi/10.3.1/../../../../arm-none-eabi/lib/thumb/v7e-m+fp/hard\libc_nano.a(lib_a-puts.o)
                0x0000000008008a80                puts
 .text.strrchr  0x0000000008008a90       0x28 c:/st/stm32cubeide_1.9.0/stm32cubeide/plugins/com.st.stm32cube.ide.mcu.externaltools.gnu-tools-for-stm32.10.3-2021.10.win32_1.0.0.202111181127/tools/bin/../lib/gcc/arm-none-eabi/10.3.1/../../../../arm-none-eabi/lib/thumb/v7e-m+fp/hard\libc_nano.a(lib_a-strrchr.o)
                0x0000000008008a90                strrchr
 .text.__swbuf_r
                0x0000000008008ab8       0xa4 c:/st/stm32cubeide_1.9.0/stm32cubeide/plugins/com.st.stm32cube.ide.mcu.externaltools.gnu-tools-for-stm32.10.3-2021.10.win32_1.0.0.202111181127/tools/bin/../lib/gcc/arm-none-eabi/10.3.1/../../../../arm-none-eabi/lib/thumb/v7e-m+fp/hard\libc_nano.a(lib_a-wbuf.o)
                0x0000000008008ab8                __swbuf_r
 .text.__swsetup_r
                0x0000000008008b5c       0xdc c:/st/stm32cubeide_1.9.0/stm32cubeide/plugins/com.st.stm32cube.ide.mcu.externaltools.gnu-tools-for-stm32.10.3-2021.10.win32_1.0.0.202111181127/tools/bin/../lib/gcc/arm-none-eabi/10.3.1/../../../../arm-none-eabi/lib/thumb/v7e-m+fp/hard\libc_nano.a(lib_a-wsetup.o)
                0x0000000008008b5c                __swsetup_r
 .text.__sflush_r
                0x0000000008008c38      0x10c c:/st/stm32cubeide_1.9.0/stm32cubeide/plugins/com.st.stm32cube.ide.mcu.externaltools.gnu-tools-for-stm32.10.3-2021.10.win32_1.0.0.202111181127/tools/bin/../lib/gcc/arm-none-eabi/10.3.1/../../../../arm-none-eabi/lib/thumb/v7e-m+fp/hard\libc_nano.a(lib_a-fflush.o)
                0x0000000008008c38                __sflush_r
 .text._fflush_r
                0x0000000008008d44       0x78 c:/st/stm32cubeide_1.9.0/stm32cubeide/plugins/com.st.stm32cube.ide.mcu.externaltools.gnu-tools-for-stm32.10.3-2021.10.win32_1.0.0.202111181127/tools/bin/../lib/gcc/arm-none-eabi/10.3.1/../../../../arm-none-eabi/lib/thumb/v7e-m+fp/hard\libc_nano.a(lib_a-fflush.o)
                0x0000000008008d44                _fflush_r
 .text.std      0x0000000008008dbc       0x48 c:/st/stm32cubeide_1.9.0/stm32cubeide/plugins/com.st.stm32cube.ide.mcu.externaltools.gnu-tools-for-stm32.10.3-2021.10.win32_1.0.0.202111181127/tools/bin/../lib/gcc/arm-none-eabi/10.3.1/../../../../arm-none-eabi/lib/thumb/v7e-m+fp/hard\libc_nano.a(lib_a-findfp.o)
 .text._cleanup_r
                0x0000000008008e04        0xc c:/st/stm32cubeide_1.9.0/stm32cubeide/plugins/com.st.stm32cube.ide.mcu.externaltools.gnu-tools-for-stm32.10.3-2021.10.win32_1.0.0.202111181127/tools/bin/../lib/gcc/arm-none-eabi/10.3.1/../../../../arm-none-eabi/lib/thumb/v7e-m+fp/hard\libc_nano.a(lib_a-findfp.o)
                0x0000000008008e04                _cleanup_r
 .text.__sfmoreglue
                0x0000000008008e10       0x2c c:/st/stm32cubeide_1.9.0/stm32cubeide/plugins/com.st.stm32cube.ide.mcu.externaltools.gnu-tools-for-stm32.10.3-2021.10.win32_1.0.0.202111181127/tools/bin/../lib/gcc/arm-none-eabi/10.3.1/../../../../arm-none-eabi/lib/thumb/v7e-m+fp/hard\libc_nano.a(lib_a-findfp.o)
                0x0000000008008e10                __sfmoreglue
 .text.__sfp_lock_acquire
                0x0000000008008e3c        0xc c:/st/stm32cubeide_1.9.0/stm32cubeide/plugins/com.st.stm32cube.ide.mcu.externaltools.gnu-tools-for-stm32.10.3-2021.10.win32_1.0.0.202111181127/tools/bin/../lib/gcc/arm-none-eabi/10.3.1/../../../../arm-none-eabi/lib/thumb/v7e-m+fp/hard\libc_nano.a(lib_a-findfp.o)
                0x0000000008008e3c                __sfp_lock_acquire
 .text.__sfp_lock_release
                0x0000000008008e48        0xc c:/st/stm32cubeide_1.9.0/stm32cubeide/plugins/com.st.stm32cube.ide.mcu.externaltools.gnu-tools-for-stm32.10.3-2021.10.win32_1.0.0.202111181127/tools/bin/../lib/gcc/arm-none-eabi/10.3.1/../../../../arm-none-eabi/lib/thumb/v7e-m+fp/hard\libc_nano.a(lib_a-findfp.o)
                0x0000000008008e48                __sfp_lock_release
 .text.__sinit_lock_acquire
                0x0000000008008e54        0xc c:/st/stm32cubeide_1.9.0/stm32cubeide/plugins/com.st.stm32cube.ide.mcu.externaltools.gnu-tools-for-stm32.10.3-2021.10.win32_1.0.0.202111181127/tools/bin/../lib/gcc/arm-none-eabi/10.3.1/../../../../arm-none-eabi/lib/thumb/v7e-m+fp/hard\libc_nano.a(lib_a-findfp.o)
                0x0000000008008e54                __sinit_lock_acquire
 .text.__sinit_lock_release
                0x0000000008008e60        0xc c:/st/stm32cubeide_1.9.0/stm32cubeide/plugins/com.st.stm32cube.ide.mcu.externaltools.gnu-tools-for-stm32.10.3-2021.10.win32_1.0.0.202111181127/tools/bin/../lib/gcc/arm-none-eabi/10.3.1/../../../../arm-none-eabi/lib/thumb/v7e-m+fp/hard\libc_nano.a(lib_a-findfp.o)
                0x0000000008008e60                __sinit_lock_release
 .text.__sinit  0x0000000008008e6c       0x70 c:/st/stm32cubeide_1.9.0/stm32cubeide/plugins/com.st.stm32cube.ide.mcu.externaltools.gnu-tools-for-stm32.10.3-2021.10.win32_1.0.0.202111181127/tools/bin/../lib/gcc/arm-none-eabi/10.3.1/../../../../arm-none-eabi/lib/thumb/v7e-m+fp/hard\libc_nano.a(lib_a-findfp.o)
                0x0000000008008e6c                __sinit
 .text.__sfp    0x0000000008008edc       0x8c c:/st/stm32cubeide_1.9.0/stm32cubeide/plugins/com.st.stm32cube.ide.mcu.externaltools.gnu-tools-for-stm32.10.3-2021.10.win32_1.0.0.202111181127/tools/bin/../lib/gcc/arm-none-eabi/10.3.1/../../../../arm-none-eabi/lib/thumb/v7e-m+fp/hard\libc_nano.a(lib_a-findfp.o)
                0x0000000008008edc                __sfp
 .text._fwalk_reent
                0x0000000008008f68       0x3e c:/st/stm32cubeide_1.9.0/stm32cubeide/plugins/com.st.stm32cube.ide.mcu.externaltools.gnu-tools-for-stm32.10.3-2021.10.win32_1.0.0.202111181127/tools/bin/../lib/gcc/arm-none-eabi/10.3.1/../../../../arm-none-eabi/lib/thumb/v7e-m+fp/hard\libc_nano.a(lib_a-fwalk.o)
                0x0000000008008f68                _fwalk_reent
 .text.__retarget_lock_init_recursive
                0x0000000008008fa6        0x2 c:/st/stm32cubeide_1.9.0/stm32cubeide/plugins/com.st.stm32cube.ide.mcu.externaltools.gnu-tools-for-stm32.10.3-2021.10.win32_1.0.0.202111181127/tools/bin/../lib/gcc/arm-none-eabi/10.3.1/../../../../arm-none-eabi/lib/thumb/v7e-m+fp/hard\libc_nano.a(lib_a-lock.o)
                0x0000000008008fa6                __retarget_lock_init_recursive
 .text.__retarget_lock_acquire_recursive
                0x0000000008008fa8        0x2 c:/st/stm32cubeide_1.9.0/stm32cubeide/plugins/com.st.stm32cube.ide.mcu.externaltools.gnu-tools-for-stm32.10.3-2021.10.win32_1.0.0.202111181127/tools/bin/../lib/gcc/arm-none-eabi/10.3.1/../../../../arm-none-eabi/lib/thumb/v7e-m+fp/hard\libc_nano.a(lib_a-lock.o)
                0x0000000008008fa8                __retarget_lock_acquire_recursive
 .text.__retarget_lock_release_recursive
                0x0000000008008faa        0x2 c:/st/stm32cubeide_1.9.0/stm32cubeide/plugins/com.st.stm32cube.ide.mcu.externaltools.gnu-tools-for-stm32.10.3-2021.10.win32_1.0.0.202111181127/tools/bin/../lib/gcc/arm-none-eabi/10.3.1/../../../../arm-none-eabi/lib/thumb/v7e-m+fp/hard\libc_nano.a(lib_a-lock.o)
                0x0000000008008faa                __retarget_lock_release_recursive
 .text.__swhatbuf_r
                0x0000000008008fac       0x4a c:/st/stm32cubeide_1.9.0/stm32cubeide/plugins/com.st.stm32cube.ide.mcu.externaltools.gnu-tools-for-stm32.10.3-2021.10.win32_1.0.0.202111181127/tools/bin/../lib/gcc/arm-none-eabi/10.3.1/../../../../arm-none-eabi/lib/thumb/v7e-m+fp/hard\libc_nano.a(lib_a-makebuf.o)
                0x0000000008008fac                __swhatbuf_r
 *fill*         0x0000000008008ff6        0x2 
 .text.__smakebuf_r
                0x0000000008008ff8       0x80 c:/st/stm32cubeide_1.9.0/stm32cubeide/plugins/com.st.stm32cube.ide.mcu.externaltools.gnu-tools-for-stm32.10.3-2021.10.win32_1.0.0.202111181127/tools/bin/../lib/gcc/arm-none-eabi/10.3.1/../../../../arm-none-eabi/lib/thumb/v7e-m+fp/hard\libc_nano.a(lib_a-makebuf.o)
                0x0000000008008ff8                __smakebuf_r
 .text._free_r  0x0000000008009078       0x98 c:/st/stm32cubeide_1.9.0/stm32cubeide/plugins/com.st.stm32cube.ide.mcu.externaltools.gnu-tools-for-stm32.10.3-2021.10.win32_1.0.0.202111181127/tools/bin/../lib/gcc/arm-none-eabi/10.3.1/../../../../arm-none-eabi/lib/thumb/v7e-m+fp/hard\libc_nano.a(lib_a-nano-freer.o)
                0x0000000008009078                _free_r
 .text.sbrk_aligned
                0x0000000008009110       0x40 c:/st/stm32cubeide_1.9.0/stm32cubeide/plugins/com.st.stm32cube.ide.mcu.externaltools.gnu-tools-for-stm32.10.3-2021.10.win32_1.0.0.202111181127/tools/bin/../lib/gcc/arm-none-eabi/10.3.1/../../../../arm-none-eabi/lib/thumb/v7e-m+fp/hard\libc_nano.a(lib_a-nano-mallocr.o)
 .text._malloc_r
                0x0000000008009150       0xe8 c:/st/stm32cubeide_1.9.0/stm32cubeide/plugins/com.st.stm32cube.ide.mcu.externaltools.gnu-tools-for-stm32.10.3-2021.10.win32_1.0.0.202111181127/tools/bin/../lib/gcc/arm-none-eabi/10.3.1/../../../../arm-none-eabi/lib/thumb/v7e-m+fp/hard\libc_nano.a(lib_a-nano-mallocr.o)
                0x0000000008009150                _malloc_r
 .text.__sfputc_r
                0x0000000008009238       0x2e c:/st/stm32cubeide_1.9.0/stm32cubeide/plugins/com.st.stm32cube.ide.mcu.externaltools.gnu-tools-for-stm32.10.3-2021.10.win32_1.0.0.202111181127/tools/bin/../lib/gcc/arm-none-eabi/10.3.1/../../../../arm-none-eabi/lib/thumb/v7e-m+fp/hard\libc_nano.a(lib_a-nano-vfprintf.o)
 .text.__sfputs_r
                0x0000000008009266       0x24 c:/st/stm32cubeide_1.9.0/stm32cubeide/plugins/com.st.stm32cube.ide.mcu.externaltools.gnu-tools-for-stm32.10.3-2021.10.win32_1.0.0.202111181127/tools/bin/../lib/gcc/arm-none-eabi/10.3.1/../../../../arm-none-eabi/lib/thumb/v7e-m+fp/hard\libc_nano.a(lib_a-nano-vfprintf.o)
                0x0000000008009266                __sfputs_r
 *fill*         0x000000000800928a        0x2 
 .text._vfprintf_r
                0x000000000800928c      0x260 c:/st/stm32cubeide_1.9.0/stm32cubeide/plugins/com.st.stm32cube.ide.mcu.externaltools.gnu-tools-for-stm32.10.3-2021.10.win32_1.0.0.202111181127/tools/bin/../lib/gcc/arm-none-eabi/10.3.1/../../../../arm-none-eabi/lib/thumb/v7e-m+fp/hard\libc_nano.a(lib_a-nano-vfprintf.o)
                0x000000000800928c                _vfprintf_r
                0x000000000800928c                _vfiprintf_r
 .text._printf_common
                0x00000000080094ec       0xda c:/st/stm32cubeide_1.9.0/stm32cubeide/plugins/com.st.stm32cube.ide.mcu.externaltools.gnu-tools-for-stm32.10.3-2021.10.win32_1.0.0.202111181127/tools/bin/../lib/gcc/arm-none-eabi/10.3.1/../../../../arm-none-eabi/lib/thumb/v7e-m+fp/hard\libc_nano.a(lib_a-nano-vfprintf_i.o)
                0x00000000080094ec                _printf_common
 *fill*         0x00000000080095c6        0x2 
 .text._printf_i
                0x00000000080095c8      0x24c c:/st/stm32cubeide_1.9.0/stm32cubeide/plugins/com.st.stm32cube.ide.mcu.externaltools.gnu-tools-for-stm32.10.3-2021.10.win32_1.0.0.202111181127/tools/bin/../lib/gcc/arm-none-eabi/10.3.1/../../../../arm-none-eabi/lib/thumb/v7e-m+fp/hard\libc_nano.a(lib_a-nano-vfprintf_i.o)
                0x00000000080095c8                _printf_i
 .text._sbrk_r  0x0000000008009814       0x20 c:/st/stm32cubeide_1.9.0/stm32cubeide/plugins/com.st.stm32cube.ide.mcu.externaltools.gnu-tools-for-stm32.10.3-2021.10.win32_1.0.0.202111181127/tools/bin/../lib/gcc/arm-none-eabi/10.3.1/../../../../arm-none-eabi/lib/thumb/v7e-m+fp/hard\libc_nano.a(lib_a-sbrkr.o)
                0x0000000008009814                _sbrk_r
 .text.__sread  0x0000000008009834       0x22 c:/st/stm32cubeide_1.9.0/stm32cubeide/plugins/com.st.stm32cube.ide.mcu.externaltools.gnu-tools-for-stm32.10.3-2021.10.win32_1.0.0.202111181127/tools/bin/../lib/gcc/arm-none-eabi/10.3.1/../../../../arm-none-eabi/lib/thumb/v7e-m+fp/hard\libc_nano.a(lib_a-stdio.o)
                0x0000000008009834                __sread
 .text.__swrite
                0x0000000008009856       0x38 c:/st/stm32cubeide_1.9.0/stm32cubeide/plugins/com.st.stm32cube.ide.mcu.externaltools.gnu-tools-for-stm32.10.3-2021.10.win32_1.0.0.202111181127/tools/bin/../lib/gcc/arm-none-eabi/10.3.1/../../../../arm-none-eabi/lib/thumb/v7e-m+fp/hard\libc_nano.a(lib_a-stdio.o)
                0x0000000008009856                __swrite
 .text.__sseek  0x000000000800988e       0x24 c:/st/stm32cubeide_1.9.0/stm32cubeide/plugins/com.st.stm32cube.ide.mcu.externaltools.gnu-tools-for-stm32.10.3-2021.10.win32_1.0.0.202111181127/tools/bin/../lib/gcc/arm-none-eabi/10.3.1/../../../../arm-none-eabi/lib/thumb/v7e-m+fp/hard\libc_nano.a(lib_a-stdio.o)
                0x000000000800988e                __sseek
 .text.__sclose
                0x00000000080098b2        0x8 c:/st/stm32cubeide_1.9.0/stm32cubeide/plugins/com.st.stm32cube.ide.mcu.externaltools.gnu-tools-for-stm32.10.3-2021.10.win32_1.0.0.202111181127/tools/bin/../lib/gcc/arm-none-eabi/10.3.1/../../../../arm-none-eabi/lib/thumb/v7e-m+fp/hard\libc_nano.a(lib_a-stdio.o)
                0x00000000080098b2                __sclose
 .text.strchr   0x00000000080098ba       0x1a c:/st/stm32cubeide_1.9.0/stm32cubeide/plugins/com.st.stm32cube.ide.mcu.externaltools.gnu-tools-for-stm32.10.3-2021.10.win32_1.0.0.202111181127/tools/bin/../lib/gcc/arm-none-eabi/10.3.1/../../../../arm-none-eabi/lib/thumb/v7e-m+fp/hard\libc_nano.a(lib_a-strchr.o)
                0x00000000080098ba                strchr
 .text._write_r
                0x00000000080098d4       0x24 c:/st/stm32cubeide_1.9.0/stm32cubeide/plugins/com.st.stm32cube.ide.mcu.externaltools.gnu-tools-for-stm32.10.3-2021.10.win32_1.0.0.202111181127/tools/bin/../lib/gcc/arm-none-eabi/10.3.1/../../../../arm-none-eabi/lib/thumb/v7e-m+fp/hard\libc_nano.a(lib_a-writer.o)
                0x00000000080098d4                _write_r
 .text._close_r
                0x00000000080098f8       0x20 c:/st/stm32cubeide_1.9.0/stm32cubeide/plugins/com.st.stm32cube.ide.mcu.externaltools.gnu-tools-for-stm32.10.3-2021.10.win32_1.0.0.202111181127/tools/bin/../lib/gcc/arm-none-eabi/10.3.1/../../../../arm-none-eabi/lib/thumb/v7e-m+fp/hard\libc_nano.a(lib_a-closer.o)
                0x00000000080098f8                _close_r
 .text._fstat_r
                0x0000000008009918       0x24 c:/st/stm32cubeide_1.9.0/stm32cubeide/plugins/com.st.stm32cube.ide.mcu.externaltools.gnu-tools-for-stm32.10.3-2021.10.win32_1.0.0.202111181127/tools/bin/../lib/gcc/arm-none-eabi/10.3.1/../../../../arm-none-eabi/lib/thumb/v7e-m+fp/hard\libc_nano.a(lib_a-fstatr.o)
                0x0000000008009918                _fstat_r
 .text._isatty_r
                0x000000000800993c       0x20 c:/st/stm32cubeide_1.9.0/stm32cubeide/plugins/com.st.stm32cube.ide.mcu.externaltools.gnu-tools-for-stm32.10.3-2021.10.win32_1.0.0.202111181127/tools/bin/../lib/gcc/arm-none-eabi/10.3.1/../../../../arm-none-eabi/lib/thumb/v7e-m+fp/hard\libc_nano.a(lib_a-isattyr.o)
                0x000000000800993c                _isatty_r
 .text._lseek_r
                0x000000000800995c       0x24 c:/st/stm32cubeide_1.9.0/stm32cubeide/plugins/com.st.stm32cube.ide.mcu.externaltools.gnu-tools-for-stm32.10.3-2021.10.win32_1.0.0.202111181127/tools/bin/../lib/gcc/arm-none-eabi/10.3.1/../../../../arm-none-eabi/lib/thumb/v7e-m+fp/hard\libc_nano.a(lib_a-lseekr.o)
                0x000000000800995c                _lseek_r
 .text.__malloc_lock
                0x0000000008009980        0xc c:/st/stm32cubeide_1.9.0/stm32cubeide/plugins/com.st.stm32cube.ide.mcu.externaltools.gnu-tools-for-stm32.10.3-2021.10.win32_1.0.0.202111181127/tools/bin/../lib/gcc/arm-none-eabi/10.3.1/../../../../arm-none-eabi/lib/thumb/v7e-m+fp/hard\libc_nano.a(lib_a-mlock.o)
                0x0000000008009980                __malloc_lock
 .text.__malloc_unlock
                0x000000000800998c        0xc c:/st/stm32cubeide_1.9.0/stm32cubeide/plugins/com.st.stm32cube.ide.mcu.externaltools.gnu-tools-for-stm32.10.3-2021.10.win32_1.0.0.202111181127/tools/bin/../lib/gcc/arm-none-eabi/10.3.1/../../../../arm-none-eabi/lib/thumb/v7e-m+fp/hard\libc_nano.a(lib_a-mlock.o)
                0x000000000800998c                __malloc_unlock
 .text._read_r  0x0000000008009998       0x24 c:/st/stm32cubeide_1.9.0/stm32cubeide/plugins/com.st.stm32cube.ide.mcu.externaltools.gnu-tools-for-stm32.10.3-2021.10.win32_1.0.0.202111181127/tools/bin/../lib/gcc/arm-none-eabi/10.3.1/../../../../arm-none-eabi/lib/thumb/v7e-m+fp/hard\libc_nano.a(lib_a-readr.o)
                0x0000000008009998                _read_r
 *(.glue_7)
 .glue_7        0x00000000080099bc        0x0 linker stubs
 *(.glue_7t)
 .glue_7t       0x00000000080099bc        0x0 linker stubs
 *(.eh_frame)
 .eh_frame      0x00000000080099bc        0x0 c:/st/stm32cubeide_1.9.0/stm32cubeide/plugins/com.st.stm32cube.ide.mcu.externaltools.gnu-tools-for-stm32.10.3-2021.10.win32_1.0.0.202111181127/tools/bin/../lib/gcc/arm-none-eabi/10.3.1/thumb/v7e-m+fp/hard/crtbegin.o
 *(.init)
 .init          0x00000000080099bc        0x4 c:/st/stm32cubeide_1.9.0/stm32cubeide/plugins/com.st.stm32cube.ide.mcu.externaltools.gnu-tools-for-stm32.10.3-2021.10.win32_1.0.0.202111181127/tools/bin/../lib/gcc/arm-none-eabi/10.3.1/thumb/v7e-m+fp/hard/crti.o
                0x00000000080099bc                _init
 .init          0x00000000080099c0        0x8 c:/st/stm32cubeide_1.9.0/stm32cubeide/plugins/com.st.stm32cube.ide.mcu.externaltools.gnu-tools-for-stm32.10.3-2021.10.win32_1.0.0.202111181127/tools/bin/../lib/gcc/arm-none-eabi/10.3.1/thumb/v7e-m+fp/hard/crtn.o
 *(.fini)
 .fini          0x00000000080099c8        0x4 c:/st/stm32cubeide_1.9.0/stm32cubeide/plugins/com.st.stm32cube.ide.mcu.externaltools.gnu-tools-for-stm32.10.3-2021.10.win32_1.0.0.202111181127/tools/bin/../lib/gcc/arm-none-eabi/10.3.1/thumb/v7e-m+fp/hard/crti.o
                0x00000000080099c8                _fini
 .fini          0x00000000080099cc        0x8 c:/st/stm32cubeide_1.9.0/stm32cubeide/plugins/com.st.stm32cube.ide.mcu.externaltools.gnu-tools-for-stm32.10.3-2021.10.win32_1.0.0.202111181127/tools/bin/../lib/gcc/arm-none-eabi/10.3.1/thumb/v7e-m+fp/hard/crtn.o
                0x00000000080099d4                . = ALIGN (0x4)
                0x00000000080099d4                _etext = .

.vfp11_veneer   0x00000000080099d4        0x0
 .vfp11_veneer  0x00000000080099d4        0x0 linker stubs

.v4_bx          0x00000000080099d4        0x0
 .v4_bx         0x00000000080099d4        0x0 linker stubs

.iplt           0x00000000080099d4        0x0
 .iplt          0x00000000080099d4        0x0 c:/st/stm32cubeide_1.9.0/stm32cubeide/plugins/com.st.stm32cube.ide.mcu.externaltools.gnu-tools-for-stm32.10.3-2021.10.win32_1.0.0.202111181127/tools/bin/../lib/gcc/arm-none-eabi/10.3.1/thumb/v7e-m+fp/hard/crtbegin.o

.rodata         0x00000000080099d4     0x225c