../Utilities/sequencer/stm32_seq.c:182:6:UTIL_SEQ_Init	8	static
../Utilities/sequencer/stm32_seq.c:195:6:UTIL_SEQ_DeInit	0	static
../Utilities/sequencer/stm32_seq.c:313:6:UTIL_SEQ_SetTask	8	static,ignoring_inline_asm
../Utilities/sequencer/stm32_seq.c:325:10:UTIL_SEQ_IsSchedulableTask	0	static,ignoring_inline_asm
../Utilities/sequencer/stm32_seq.c:339:6:UTIL_SEQ_PauseTask	0	static,ignoring_inline_asm
../Utilities/sequencer/stm32_seq.c:350:10:UTIL_SEQ_IsPauseTask	0	static,ignoring_inline_asm
../Utilities/sequencer/stm32_seq.c:361:6:UTIL_SEQ_ResumeTask	0	static,ignoring_inline_asm
../Utilities/sequencer/stm32_seq.c:372:6:UTIL_SEQ_SetEvt	0	static,ignoring_inline_asm
../Utilities/sequencer/stm32_seq.c:383:6:UTIL_SEQ_ClrEvt	0	static,ignoring_inline_asm
../Utilities/sequencer/stm32_seq.c:446:15:UTIL_SEQ_IsEvtPend	0	static
../Utilities/sequencer/stm32_seq.c:457:13:UTIL_SEQ_Idle	0	static
../Utilities/sequencer/stm32_seq.c:462:13:UTIL_SEQ_PreIdle	0	static
../Utilities/sequencer/stm32_seq.c:470:13:UTIL_SEQ_PostIdle	0	static
../Utilities/sequencer/stm32_seq.c:493:9:SEQ_BitPosition	0	static
../Utilities/sequencer/stm32_seq.c:204:6:UTIL_SEQ_Run	32	static,ignoring_inline_asm
../Utilities/sequencer/stm32_seq.c:451:13:UTIL_SEQ_EvtIdle	0	static
../Utilities/sequencer/stm32_seq.c:394:6:UTIL_SEQ_WaitEvt	32	static,ignoring_inline_asm
../Utilities/sequencer/stm32_seq.c:302:6:UTIL_SEQ_RegTask	8	static,ignoring_inline_asm
